Archive member included to satisfy reference by file (symbol)

app/libapp.a(main.c.obj)      (--whole-archive)
zephyr/libzephyr.a(crc32_sw.c.obj)
                              (--whole-archive)
zephyr/libzephyr.a(crc16_sw.c.obj)
                              (--whole-archive)
zephyr/libzephyr.a(crc8_sw.c.obj)
                              (--whole-archive)
zephyr/libzephyr.a(crc7_sw.c.obj)
                              (--whole-archive)
zephyr/libzephyr.a(dec.c.obj)
                              (--whole-archive)
zephyr/libzephyr.a(fdtable.c.obj)
                              (--whole-archive)
zephyr/libzephyr.a(hex.c.obj)
                              (--whole-archive)
zephyr/libzephyr.a(mempool.c.obj)
                              (--whole-archive)
zephyr/libzephyr.a(rb.c.obj)  (--whole-archive)
zephyr/libzephyr.a(sem.c.obj)
                              (--whole-archive)
zephyr/libzephyr.a(thread_entry.c.obj)
                              (--whole-archive)
zephyr/libzephyr.a(timeutil.c.obj)
                              (--whole-archive)
zephyr/libzephyr.a(work_q.c.obj)
                              (--whole-archive)
zephyr/libzephyr.a(printk.c.obj)
                              (--whole-archive)
zephyr/libzephyr.a(ring_buffer.c.obj)
                              (--whole-archive)
zephyr/libzephyr.a(configs.c.obj)
                              (--whole-archive)
zephyr/libzephyr.a(soc.c.obj)
                              (--whole-archive)
zephyr/libzephyr.a(stm32cube_hal.c.obj)
                              (--whole-archive)
zephyr/libzephyr.a(fnmatch.c.obj)
                              (--whole-archive)
zephyr/libzephyr.a(device_service.c.obj)
                              (--whole-archive)
zephyr/libzephyr.a(shell.c.obj)
                              (--whole-archive)
zephyr/libzephyr.a(shell_fprintf.c.obj)
                              (--whole-archive)
zephyr/libzephyr.a(shell_utils.c.obj)
                              (--whole-archive)
zephyr/libzephyr.a(shell_ops.c.obj)
                              (--whole-archive)
zephyr/libzephyr.a(shell_uart.c.obj)
                              (--whole-archive)
zephyr/libzephyr.a(shell_help.c.obj)
                              (--whole-archive)
zephyr/libzephyr.a(shell_cmds.c.obj)
                              (--whole-archive)
zephyr/libzephyr.a(shell_history.c.obj)
                              (--whole-archive)
zephyr/libzephyr.a(shell_wildcard.c.obj)
                              (--whole-archive)
zephyr/libzephyr.a(uart_console.c.obj)
                              (--whole-archive)
zephyr/libzephyr.a(intc_exti_stm32.c.obj)
                              (--whole-archive)
zephyr/libzephyr.a(clock_stm32_ll_common.c.obj)
                              (--whole-archive)
zephyr/libzephyr.a(clock_stm32f2_f4_f7.c.obj)
                              (--whole-archive)
zephyr/libzephyr.a(pinmux_stm32.c.obj)
                              (--whole-archive)
zephyr/libzephyr.a(can_common.c.obj)
                              (--whole-archive)
zephyr/libzephyr.a(can_stm32.c.obj)
                              (--whole-archive)
zephyr/libzephyr.a(can_shell.c.obj)
                              (--whole-archive)
zephyr/libzephyr.a(sys_clock_init.c.obj)
                              (--whole-archive)
zephyr/libzephyr.a(cortex_m_systick.c.obj)
                              (--whole-archive)
zephyr/arch/common/libarch__common.a(isr_tables.c.obj)
                              (--whole-archive)
zephyr/arch/common/libarch__common.a(sw_isr_common.c.obj)
                              (--whole-archive)
zephyr/arch/arch/arm/core/aarch32/libarch__arm__core__aarch32.a(exc_exit.S.obj)
                              (--whole-archive)
zephyr/arch/arch/arm/core/aarch32/libarch__arm__core__aarch32.a(swap.c.obj)
                              (--whole-archive)
zephyr/arch/arch/arm/core/aarch32/libarch__arm__core__aarch32.a(swap_helper.S.obj)
                              (--whole-archive)
zephyr/arch/arch/arm/core/aarch32/libarch__arm__core__aarch32.a(irq_manage.c.obj)
                              (--whole-archive)
zephyr/arch/arch/arm/core/aarch32/libarch__arm__core__aarch32.a(thread.c.obj)
                              (--whole-archive)
zephyr/arch/arch/arm/core/aarch32/libarch__arm__core__aarch32.a(cpu_idle.S.obj)
                              (--whole-archive)
zephyr/arch/arch/arm/core/aarch32/libarch__arm__core__aarch32.a(fault_s.S.obj)
                              (--whole-archive)
zephyr/arch/arch/arm/core/aarch32/libarch__arm__core__aarch32.a(fatal.c.obj)
                              (--whole-archive)
zephyr/arch/arch/arm/core/aarch32/libarch__arm__core__aarch32.a(nmi.c.obj)
                              (--whole-archive)
zephyr/arch/arch/arm/core/aarch32/libarch__arm__core__aarch32.a(nmi_on_reset.S.obj)
                              (--whole-archive)
zephyr/arch/arch/arm/core/aarch32/libarch__arm__core__aarch32.a(prep_c.c.obj)
                              (--whole-archive)
[...]
Memory Configuration

Name             Origin             Length             Attributes
FLASH            0x0000000008000000 0x0000000000100000 xr
CCM              0x0000000010000000 0x0000000000010000 rw
SRAM             0x0000000020000000 0x0000000000020000 xw
IDT_LIST         0x0000000020020000 0x0000000000000800 xw
*default*        0x0000000000000000 0xffffffffffffffff

Linker script and memory map

LOAD zephyr/CMakeFiles/zephyr_final.dir/misc/empty_file.c.obj
LOAD zephyr/CMakeFiles/zephyr_final.dir/isr_tables.c.obj
                0x0000000000000020                _region_min_align = 0x20

.rel.plt        0x0000000008000000        0x0
 *(SORT_BY_ALIGNMENT(.rel.plt))
                [!provide]                        PROVIDE (__rel_iplt_start = .)
 *(SORT_BY_ALIGNMENT(.rel.iplt))
 .rel.iplt      0x0000000008000000        0x0 zephyr/CMakeFiles/zephyr_final.dir/isr_tables.c.obj
                [!provide]                        PROVIDE (__rel_iplt_end = .)

.rela.plt       0x0000000000000000        0x0
 *(SORT_BY_ALIGNMENT(.rela.plt))
                [!provide]                        PROVIDE (__rela_iplt_start = .)
 *(SORT_BY_ALIGNMENT(.rela.iplt))
                [!provide]                        PROVIDE (__rela_iplt_end = .)

.rel.dyn
 *(SORT_BY_ALIGNMENT(.rel.*))

.rela.dyn
 *(SORT_BY_ALIGNMENT(.rela.*))

/DISCARD/
 *(SORT_BY_ALIGNMENT(.plt))
 *(SORT_BY_ALIGNMENT(.iplt))
 *(SORT_BY_ALIGNMENT(.got.plt))
 *(SORT_BY_ALIGNMENT(.igot.plt))
 *(SORT_BY_ALIGNMENT(.got))
 *(SORT_BY_ALIGNMENT(.igot))
 *(SORT_BY_ALIGNMENT(.irq_info))
 *(SORT_BY_ALIGNMENT(.intList))
 *(SORT_BY_ALIGNMENT(.note.GNU-stack))
                0x0000000008000000                _image_rom_start = 0x8000000

text            0x0000000008000000      0x188
                0x0000000000000000                . = 0x0
                0x0000000000000000                . = ALIGN (0x4)
                0x0000000008000000                _vector_start = .
 *(SORT_BY_ALIGNMENT(.exc_vector_table))
 *(SORT_BY_ALIGNMENT(.exc_vector_table.*))
 .exc_vector_table._vector_table_section
                0x0000000008000000       0x40 zephyr/arch/arch/arm/core/aarch32/cortex_m/libarch__arm__core__aarch32__cortex_m.a(vector_table.S.obj)
                0x0000000008000000                _vector_table
 *(SORT_BY_ALIGNMENT(.gnu.linkonce.irq_vector_table))
 .gnu.linkonce.irq_vector_table
                0x0000000008000040      0x148 zephyr/CMakeFiles/zephyr_final.dir/isr_tables.c.obj
                0x0000000008000040                _irq_vector_table
 *(SORT_BY_ALIGNMENT(.vectors))
 *(SORT_BY_ALIGNMENT(.openocd_dbg))
 *(SORT_BY_ALIGNMENT(.openocd_dbg.*))
                0x0000000008000188                _vector_end = .

_TEXT_SECTION_NAME_2
                0x0000000008000188     0x8d7c
                0x0000000008000188                _image_text_start = .
 *(SORT_BY_ALIGNMENT(.text))
 .text          0x0000000008000188       0x30 /home/kerraiosc/zephyr-sdk-0.10.3/arm-zephyr-eabi/bin/../lib/gcc/arm-zephyr-eabi/8.3.0/thumb/v7e-m/nofp/libgcc.a(_aeabi_uldivmod.o)
                0x0000000008000188                __aeabi_uldivmod
 .text          0x00000000080001b8        0x4 /home/kerraiosc/zephyr-sdk-0.10.3/arm-zephyr-eabi/bin/../lib/gcc/arm-zephyr-eabi/8.3.0/thumb/v7e-m/nofp/libgcc.a(_dvmd_tls.o)
                0x00000000080001b8                __aeabi_ldiv0
                0x00000000080001b8                __aeabi_idiv0
 .text          0x00000000080001bc      0x2b4 /home/kerraiosc/zephyr-sdk-0.10.3/arm-zephyr-eabi/bin/../lib/gcc/arm-zephyr-eabi/8.3.0/thumb/v7e-m/nofp/libgcc.a(_udivmoddi4.o)
                0x00000000080001bc                __udivmoddi4
 *(SORT_BY_ALIGNMENT(.text.*))
 .text.poll_state_thread
                0x0000000008000470       0x70 app/libapp.a(main.c.obj)
                0x0000000008000470                poll_state_thread
 .text.state_change_work_handler
                0x00000000080004e0       0x30 app/libapp.a(main.c.obj)
                0x00000000080004e0                state_change_work_handler
 .text.rx_thread
                0x0000000008000510       0x98 app/libapp.a(main.c.obj)
                0x0000000008000510                rx_thread
 .text.state_change_isr
                0x00000000080005a8       0x50 app/libapp.a(main.c.obj)
                0x00000000080005a8                state_change_isr
 .text.change_led
                0x00000000080005f8       0x20 app/libapp.a(main.c.obj)
                0x00000000080005f8                change_led
 .text.can_motor_request
                0x0000000008000618       0xdc app/libapp.a(main.c.obj)
                0x0000000008000618                can_motor_request
 .text.motor_init
                0x00000000080006f4       0xa8 app/libapp.a(main.c.obj)
                0x00000000080006f4                motor_init
 .text.main     0x000000000800079c      0x1f8 app/libapp.a(main.c.obj)
                0x000000000800079c                main
 .text.char_out
                0x0000000008000994       0x10 zephyr/libzephyr.a(printk.c.obj)
 .text._printk_dec_ulong
                0x00000000080009a4       0x98 zephyr/libzephyr.a(printk.c.obj)
 .text.__printk_hook_install
                0x0000000008000a3c        0xc zephyr/libzephyr.a(printk.c.obj)
                0x0000000008000a3c                __printk_hook_install
 .text.vprintk  0x0000000008000a48       0x1c zephyr/libzephyr.a(printk.c.obj)
                0x0000000008000a48                vprintk
 .text.st_stm32f4_init
                0x0000000008000a64       0x2c zephyr/libzephyr.a(soc.c.obj)
 .text.cmd_device_list
                0x0000000008000a90       0x40 zephyr/libzephyr.a(device_service.c.obj)
 .text.device_get_config_level
                0x0000000008000ad0       0x3c zephyr/libzephyr.a(device_service.c.obj)
 .text.cmd_device_levels
                0x0000000008000b0c       0x94 zephyr/libzephyr.a(device_service.c.obj)
 .text.history_handle
                0x0000000008000ba0       0xa4 zephyr/libzephyr.a(shell.c.obj)
 .text.execute  0x0000000008000c44      0x270 zephyr/libzephyr.a(shell.c.obj)
 .text.shell_init
                0x0000000008000eb4       0xf4 zephyr/libzephyr.a(shell.c.obj)
                0x0000000008000eb4                shell_init
 .text.shell_start
                0x0000000008000fa8       0x30 zephyr/libzephyr.a(shell.c.obj)
                0x0000000008000fa8                shell_start
 .text.shell_process
                0x0000000008000fd8      0x75c zephyr/libzephyr.a(shell.c.obj)
                0x0000000008000fd8                shell_process
 .text.shell_thread
                0x0000000008001734       0xc0 zephyr/libzephyr.a(shell.c.obj)
                0x0000000008001734                shell_thread
 .text.shell_fprintf_fmt
                0x00000000080017f4       0x28 zephyr/libzephyr.a(shell_fprintf.c.obj)
                0x00000000080017f4                shell_fprintf_fmt
 .text.shell_cmd_get
                0x000000000800181c       0x54 zephyr/libzephyr.a(shell_utils.c.obj)
                0x000000000800181c                shell_cmd_get
 .text.clear_eos.isra.6
                0x0000000008001870       0x10 zephyr/libzephyr.a(shell_ops.c.obj)
 .text.shell_op_cursor_vert_move
                0x0000000008001880       0x20 zephyr/libzephyr.a(shell_ops.c.obj)
                0x0000000008001880                shell_op_cursor_vert_move
 .text.shell_op_cursor_horiz_move
                0x00000000080018a0       0x20 zephyr/libzephyr.a(shell_ops.c.obj)
                0x00000000080018a0                shell_op_cursor_horiz_move
 .text.shell_op_cond_next_line
                0x00000000080018c0       0x28 zephyr/libzephyr.a(shell_ops.c.obj)
                0x00000000080018c0                shell_op_cond_next_line
 .text.shell_op_cursor_position_synchronize
                0x00000000080018e8       0x54 zephyr/libzephyr.a(shell_ops.c.obj)
                0x00000000080018e8                shell_op_cursor_position_synchronize
 .text.shell_print_cmd
                0x000000000800193c       0x10 zephyr/libzephyr.a(shell_ops.c.obj)
                0x000000000800193c                shell_print_cmd
 .text.shell_vt100_color_set
                0x000000000800194c       0x48 zephyr/libzephyr.a(shell_ops.c.obj)
                0x000000000800194c                shell_vt100_color_set
 .text.shell_vt100_colors_restore
                0x0000000008001994       0x4c zephyr/libzephyr.a(shell_ops.c.obj)
                0x0000000008001994                shell_vt100_colors_restore
 .text.shell_op_word_remove
                0x00000000080019e0       0xa8 zephyr/libzephyr.a(shell_ops.c.obj)
                0x00000000080019e0                shell_op_word_remove
 .text.reprint_from_cursor
                0x0000000008001a88       0x54 zephyr/libzephyr.a(shell_ops.c.obj)
 .text.shell_op_char_insert
                0x0000000008001adc       0x64 zephyr/libzephyr.a(shell_ops.c.obj)
                0x0000000008001adc                shell_op_char_insert
 .text.shell_print_prompt_and_cmd
                0x0000000008001b40       0x30 zephyr/libzephyr.a(shell_ops.c.obj)
                0x0000000008001b40                shell_print_prompt_and_cmd
 .text.init     0x0000000008001b70       0x30 zephyr/libzephyr.a(shell_uart.c.obj)
 .text.enable_shell_uart
                0x0000000008001ba0       0x28 zephyr/libzephyr.a(shell_uart.c.obj)
 .text.formatted_text_print.constprop.2
                0x0000000008001bc8       0xf4 zephyr/libzephyr.a(shell_help.c.obj)
 .text.shell_help_subcmd_print
                0x0000000008001cbc       0xe0 zephyr/libzephyr.a(shell_help.c.obj)
                0x0000000008001cbc                shell_help_subcmd_print
 .text.shell_help_cmd_print
                0x0000000008001d9c       0x4c zephyr/libzephyr.a(shell_help.c.obj)
                0x0000000008001d9c                shell_help_cmd_print
 .text.cmd_clear
                0x0000000008001de8       0x2c zephyr/libzephyr.a(shell_cmds.c.obj)
 .text.cmd_resize_default
                0x0000000008001e14       0x24 zephyr/libzephyr.a(shell_cmds.c.obj)
 .text.cmd_shell_stats_show
                0x0000000008001e38       0x18 zephyr/libzephyr.a(shell_cmds.c.obj)
 .text.cmd_help
                0x0000000008001e50       0x24 zephyr/libzephyr.a(shell_cmds.c.obj)
 .text.cmd_history
                0x0000000008001e74       0x48 zephyr/libzephyr.a(shell_cmds.c.obj)
 .text.cmd_echo
                0x0000000008001ebc       0x54 zephyr/libzephyr.a(shell_cmds.c.obj)
 .text.cmd_resize
                0x0000000008001f10      0x17c zephyr/libzephyr.a(shell_cmds.c.obj)
 .text.shell_wildcard_process
                0x000000000800208c      0x100 zephyr/libzephyr.a(shell_wildcard.c.obj)
                0x000000000800208c                shell_wildcard_process
 .text.console_out
                0x000000000800218c       0x28 zephyr/libzephyr.a(uart_console.c.obj)
 .text.uart_console_hook_install
                0x00000000080021b4       0x18 zephyr/libzephyr.a(uart_console.c.obj)
                0x00000000080021b4                uart_console_hook_install
 .text.uart_console_init
                0x00000000080021cc       0x1c zephyr/libzephyr.a(uart_console.c.obj)
 .text.__stm32_exti_isr
                0x00000000080021e8       0x40 zephyr/libzephyr.a(intc_exti_stm32.c.obj)
 .text.stm32_exti_enable
                0x0000000008002228       0x30 zephyr/libzephyr.a(intc_exti_stm32.c.obj)
                0x0000000008002228                stm32_exti_enable
 .text.stm32_exti_disable
                0x0000000008002258       0x18 zephyr/libzephyr.a(intc_exti_stm32.c.obj)
                0x0000000008002258                stm32_exti_disable
 .text.stm32_exti_trigger
                0x0000000008002270       0x30 zephyr/libzephyr.a(intc_exti_stm32.c.obj)
                0x0000000008002270                stm32_exti_trigger
 .text.stm32_exti_set_callback
                0x00000000080022a0       0x24 zephyr/libzephyr.a(intc_exti_stm32.c.obj)
                0x00000000080022a0                stm32_exti_set_callback
 .text.stm32_exti_unset_callback
                0x00000000080022c4       0x18 zephyr/libzephyr.a(intc_exti_stm32.c.obj)
                0x00000000080022c4                stm32_exti_unset_callback
 .text.stm32_clock_control_on
                0x00000000080022dc       0x70 zephyr/libzephyr.a(clock_stm32_ll_common.c.obj)
 .text.stm32_clock_control_off
                0x000000000800234c       0x54 zephyr/libzephyr.a(clock_stm32_ll_common.c.obj)
 .text.stm32_clock_control_get_subsys_rate
                0x00000000080023a0       0x28 zephyr/libzephyr.a(clock_stm32_ll_common.c.obj)
 .text.stm32_clock_control_init
                0x00000000080023c8       0x88 zephyr/libzephyr.a(clock_stm32_ll_common.c.obj)
 .text.config_enable_default_clocks
                0x0000000008002450       0x20 zephyr/libzephyr.a(clock_stm32f2_f4_f7.c.obj)
                0x0000000008002450                config_enable_default_clocks
 .text.z_pinmux_stm32_set
                0x0000000008002470       0x5c zephyr/libzephyr.a(pinmux_stm32.c.obj)
                0x0000000008002470                z_pinmux_stm32_set
 .text.stm32_setup_pins
                0x00000000080024cc       0x30 zephyr/libzephyr.a(pinmux_stm32.c.obj)
                0x00000000080024cc                stm32_setup_pins
 .text.z_impl_can_attach_msgq
                0x00000000080024fc       0x18 zephyr/libzephyr.a(can_common.c.obj)
                0x00000000080024fc                z_impl_can_attach_msgq
 .text.can_attach_workq
                0x0000000008002514       0x34 zephyr/libzephyr.a(can_common.c.obj)
                0x0000000008002514                can_attach_workq
 .text.can_enter_init_mode
                0x0000000008002548       0x3c zephyr/libzephyr.a(can_stm32.c.obj)
 .text.can_stm32_runtime_configure
                0x0000000008002584       0xf8 zephyr/libzephyr.a(can_stm32.c.obj)
                0x0000000008002584                can_stm32_runtime_configure
 .text.can_stm32_init
                0x000000000800267c      0x110 zephyr/libzephyr.a(can_stm32.c.obj)
 .text.can_calc_filter_index
                0x000000000800278c       0x5c zephyr/libzephyr.a(can_stm32.c.obj)
 .text.can_stm32_detach
                0x00000000080027e8       0xf8 zephyr/libzephyr.a(can_stm32.c.obj)
                0x00000000080027e8                can_stm32_detach
 .text.can_stm32_attach_isr
                0x00000000080028e0      0x2e0 zephyr/libzephyr.a(can_stm32.c.obj)
                0x00000000080028e0                can_stm32_attach_isr
 .text.print_frame
                0x0000000008002bc0       0xb4 zephyr/libzephyr.a(can_shell.c.obj)
 .text.read_options
                0x0000000008002c74       0x64 zephyr/libzephyr.a(can_shell.c.obj)
 .text.read_id  0x0000000008002cd8       0x80 zephyr/libzephyr.a(can_shell.c.obj)
 .text.cmd_attach
                0x0000000008002d58      0x234 zephyr/libzephyr.a(can_shell.c.obj)
 .text.cmd_detach
                0x0000000008002f8c       0x6c zephyr/libzephyr.a(can_shell.c.obj)
 .text.cmd_send
                0x0000000008002ff8      0x168 zephyr/libzephyr.a(can_shell.c.obj)
 .text.elapsed  0x0000000008003160       0x3c zephyr/libzephyr.a(cortex_m_systick.c.obj)
 .text.z_clock_isr
                0x000000000800319c       0x44 zephyr/libzephyr.a(cortex_m_systick.c.obj)
                0x000000000800319c                z_clock_isr
 .text.z_clock_driver_init
                0x00000000080031e0       0x38 zephyr/libzephyr.a(cortex_m_systick.c.obj)
                0x00000000080031e0                z_clock_driver_init
 .text.z_clock_set_timeout
                0x0000000008003218       0xc8 zephyr/libzephyr.a(cortex_m_systick.c.obj)
                0x0000000008003218                z_clock_set_timeout
 .text.z_clock_elapsed
                0x00000000080032e0       0x3c zephyr/libzephyr.a(cortex_m_systick.c.obj)
                0x00000000080032e0                z_clock_elapsed
 .text.z_timer_cycle_get_32
                0x000000000800331c       0x2c zephyr/libzephyr.a(cortex_m_systick.c.obj)
                0x000000000800331c                z_timer_cycle_get_32
 .text._HandlerModeExit
                0x0000000008003348       0x1c zephyr/arch/arch/arm/core/aarch32/libarch__arm__core__aarch32.a(exc_exit.S.obj)
                0x0000000008003348                z_arm_exc_exit
                0x0000000008003348                z_arm_int_exit
 .text.arch_swap
                0x0000000008003364       0x34 zephyr/arch/arch/arm/core/aarch32/libarch__arm__core__aarch32.a(swap.c.obj)
                0x0000000008003364                arch_swap
 .text.z_arm_pendsv
                0x0000000008003398       0x54 zephyr/arch/arch/arm/core/aarch32/libarch__arm__core__aarch32.a(swap_helper.S.obj)
                0x0000000008003398                z_arm_pendsv
 .text.z_arm_svc
                0x00000000080033ec       0x20 zephyr/arch/arch/arm/core/aarch32/libarch__arm__core__aarch32.a(swap_helper.S.obj)
                0x00000000080033ec                z_arm_svc
 .text.arch_irq_enable
                0x000000000800340c       0x20 zephyr/arch/arch/arm/core/aarch32/libarch__arm__core__aarch32.a(irq_manage.c.obj)
                0x000000000800340c                arch_irq_enable
 .text.z_arm_irq_priority_set
                0x000000000800342c       0x30 zephyr/arch/arch/arm/core/aarch32/libarch__arm__core__aarch32.a(irq_manage.c.obj)
                0x000000000800342c                z_arm_irq_priority_set
 .text.arch_new_thread
                0x000000000800345c       0x44 zephyr/arch/arch/arm/core/aarch32/libarch__arm__core__aarch32.a(thread.c.obj)
                0x000000000800345c                arch_new_thread
 .text.arch_switch_to_main_thread
                0x00000000080034a0       0x3c zephyr/arch/arch/arm/core/aarch32/libarch__arm__core__aarch32.a(thread.c.obj)
                0x00000000080034a0                arch_switch_to_main_thread
 .text.z_arm_cpu_idle_init
                0x00000000080034dc        0xc zephyr/arch/arch/arm/core/aarch32/libarch__arm__core__aarch32.a(cpu_idle.S.obj)
                0x00000000080034dc                z_arm_cpu_idle_init
 .text.arch_cpu_idle
                0x00000000080034e8        0xc zephyr/arch/arch/arm/core/aarch32/libarch__arm__core__aarch32.a(cpu_idle.S.obj)
                0x00000000080034e8                arch_cpu_idle
 .text.__fault  0x00000000080034f4       0x14 zephyr/arch/arch/arm/core/aarch32/libarch__arm__core__aarch32.a(fault_s.S.obj)
                0x00000000080034f4                z_arm_bus_fault
                0x00000000080034f4                z_arm_usage_fault
                0x00000000080034f4                z_arm_mpu_fault
                0x00000000080034f4                z_arm_reserved
                0x00000000080034f4                z_arm_debug_monitor
                0x00000000080034f4                z_arm_hard_fault
 .text.z_SysNmiOnReset
                0x0000000008003508        0x8 zephyr/arch/arch/arm/core/aarch32/libarch__arm__core__aarch32.a(nmi_on_reset.S.obj)
                0x0000000008003508                z_SysNmiOnReset
 .text.z_arm_prep_c
                0x0000000008003510       0x2c zephyr/arch/arch/arm/core/aarch32/libarch__arm__core__aarch32.a(prep_c.c.obj)
                0x0000000008003510                z_arm_prep_c
 .text._isr_wrapper
                0x000000000800353c       0x28 zephyr/arch/arch/arm/core/aarch32/libarch__arm__core__aarch32.a(isr_wrapper.S.obj)
                0x000000000800353c                _isr_wrapper
 .text._reset_section
                0x0000000008003564       0x2c zephyr/arch/arch/arm/core/aarch32/cortex_m/libarch__arm__core__aarch32__cortex_m.a(reset.S.obj)
                0x0000000008003564                z_arm_reset
                0x0000000008003564                __start
 .text.mem_manage_fault.isra.2
                0x0000000008003590       0x38 zephyr/arch/arch/arm/core/aarch32/cortex_m/libarch__arm__core__aarch32__cortex_m.a(fault.c.obj)
 .text.bus_fault.isra.3
                0x00000000080035c8       0x3c zephyr/arch/arch/arm/core/aarch32/cortex_m/libarch__arm__core__aarch32__cortex_m.a(fault.c.obj)
 .text.usage_fault.isra.4
                0x0000000008003604       0x24 zephyr/arch/arch/arm/core/aarch32/cortex_m/libarch__arm__core__aarch32__cortex_m.a(fault.c.obj)
 .text.z_arm_fault
                0x0000000008003628       0xe8 zephyr/arch/arch/arm/core/aarch32/cortex_m/libarch__arm__core__aarch32__cortex_m.a(fault.c.obj)
                0x0000000008003628                z_arm_fault
 .text.z_arm_fault_init
                0x0000000008003710       0x10 zephyr/arch/arch/arm/core/aarch32/cortex_m/libarch__arm__core__aarch32__cortex_m.a(fault.c.obj)
                0x0000000008003710                z_arm_fault_init
 .text.z_arm_int_lib_init
                0x0000000008003720       0x18 zephyr/arch/arch/arm/core/aarch32/cortex_m/libarch__arm__core__aarch32__cortex_m.a(irq_init.c.obj)
                0x0000000008003720                z_arm_int_lib_init
 .text.z_impl_k_thread_abort
                0x0000000008003738       0x4c zephyr/arch/arch/arm/core/aarch32/cortex_m/libarch__arm__core__aarch32__cortex_m.a(thread_abort.c.obj)
                0x0000000008003738                z_impl_k_thread_abort
 .text.z_arm_configure_static_mpu_regions
                0x0000000008003784       0x38 zephyr/arch/arch/arm/core/aarch32/cortex_m/mpu/libarch__arm__core__aarch32__cortex_m__mpu.a(arm_core_mpu.c.obj)
                0x0000000008003784                z_arm_configure_static_mpu_regions
 .text.mpu_configure_regions
                0x00000000080037bc       0x88 zephyr/arch/arch/arm/core/aarch32/cortex_m/mpu/libarch__arm__core__aarch32__cortex_m__mpu.a(arm_mpu.c.obj)
 .text.arm_core_mpu_enable
                0x0000000008003844       0x14 zephyr/arch/arch/arm/core/aarch32/cortex_m/mpu/libarch__arm__core__aarch32__cortex_m__mpu.a(arm_mpu.c.obj)
                0x0000000008003844                arm_core_mpu_enable
 .text.arm_core_mpu_disable
                0x0000000008003858       0x10 zephyr/arch/arch/arm/core/aarch32/cortex_m/mpu/libarch__arm__core__aarch32__cortex_m__mpu.a(arm_mpu.c.obj)
                0x0000000008003858                arm_core_mpu_disable
 .text.arm_mpu_init
                0x0000000008003868       0x5c zephyr/arch/arch/arm/core/aarch32/cortex_m/mpu/libarch__arm__core__aarch32__cortex_m__mpu.a(arm_mpu.c.obj)
 .text.arm_core_mpu_configure_static_mpu_regions
                0x00000000080038c4       0x14 zephyr/arch/arch/arm/core/aarch32/cortex_m/mpu/libarch__arm__core__aarch32__cortex_m__mpu.a(arm_mpu.c.obj)
                0x00000000080038c4                arm_core_mpu_configure_static_mpu_regions
 .text.arm_core_mpu_configure_dynamic_mpu_regions
                0x00000000080038d8       0x2c zephyr/arch/arch/arm/core/aarch32/cortex_m/mpu/libarch__arm__core__aarch32__cortex_m__mpu.a(arm_mpu.c.obj)
                0x00000000080038d8                arm_core_mpu_configure_dynamic_mpu_regions
 .text.z_prf    0x0000000008003904      0x970 zephyr/lib/libc/minimal/liblib__libc__minimal.a(prf.c.obj)
                0x0000000008003904                z_prf
 .text.__stdout_hook_install
                0x0000000008004274        0xc zephyr/lib/libc/minimal/liblib__libc__minimal.a(stdout_console.c.obj)
                0x0000000008004274                __stdout_hook_install
 .text.pinmux_stm32_init
                0x0000000008004280       0x14 zephyr/boards/arm/stm32f4_disco/libboards__arm__stm32f4_disco.a(pinmux.c.obj)
 .text.gpio_stm32_init
                0x0000000008004294       0x24 zephyr/drivers/gpio/libdrivers__gpio.a(gpio_stm32.c.obj)
 .text.gpio_stm32_config
                0x00000000080042b8      0x164 zephyr/drivers/gpio/libdrivers__gpio.a(gpio_stm32.c.obj)
 .text.pwm_stm32_pin_set
                0x000000000800441c       0xf8 zephyr/drivers/pwm/libdrivers__pwm.a(pwm_stm32.c.obj)
 .text.pwm_stm32_init
                0x0000000008004514       0x28 zephyr/drivers/pwm/libdrivers__pwm.a(pwm_stm32.c.obj)
 .text.uart_stm32_irq_err_enable
                0x000000000800453c       0x54 zephyr/drivers/serial/libdrivers__serial.a(uart_stm32.c.obj)
 .text.uart_stm32_irq_err_disable
                0x0000000008004590       0x54 zephyr/drivers/serial/libdrivers__serial.a(uart_stm32.c.obj)
 .text.uart_stm32_configure
                0x00000000080045e4      0x114 zephyr/drivers/serial/libdrivers__serial.a(uart_stm32.c.obj)
 .text.uart_stm32_init
                0x00000000080046f8       0x84 zephyr/drivers/serial/libdrivers__serial.a(uart_stm32.c.obj)
 .text.TIM_OC1_SetConfig
                0x000000000800477c       0x64 zephyr/modules/stm32/stm32cube/lib..__modules__hal__stm32__stm32cube.a(stm32f4xx_hal_tim.c.obj)
 .text.TIM_OC3_SetConfig
                0x00000000080047e0       0x6c zephyr/modules/stm32/stm32cube/lib..__modules__hal__stm32__stm32cube.a(stm32f4xx_hal_tim.c.obj)
 .text.TIM_OC4_SetConfig
                0x000000000800484c       0x4c zephyr/modules/stm32/stm32cube/lib..__modules__hal__stm32__stm32cube.a(stm32f4xx_hal_tim.c.obj)
 .text.TIM_Base_SetConfig
                0x0000000008004898       0xcc zephyr/modules/stm32/stm32cube/lib..__modules__hal__stm32__stm32cube.a(stm32f4xx_hal_tim.c.obj)
                0x0000000008004898                TIM_Base_SetConfig
 .text.TIM_OC2_SetConfig
                0x0000000008004964       0x6c zephyr/modules/stm32/stm32cube/lib..__modules__hal__stm32__stm32cube.a(stm32f4xx_hal_tim.c.obj)
                0x0000000008004964                TIM_OC2_SetConfig
 .text.HAL_TIM_OC_Start
                0x00000000080049d0       0x40 zephyr/modules/stm32/stm32cube/lib..__modules__hal__stm32__stm32cube.a(stm32f4xx_hal_tim.c.obj)
                0x00000000080049d0                HAL_TIM_OC_Start
 .text.UTILS_PLL_IsBusy
                0x0000000008004a10       0x1c zephyr/modules/stm32/stm32cube/lib..__modules__hal__stm32__stm32cube.a(stm32f4xx_ll_utils.c.obj)
 .text.UTILS_SetFlashLatency.part.0
                0x0000000008004a2c       0xa4 zephyr/modules/stm32/stm32cube/lib..__modules__hal__stm32__stm32cube.a(stm32f4xx_ll_utils.c.obj)
 .text.UTILS_EnablePLLAndSwitchSystem
                0x0000000008004ad0       0xa0 zephyr/modules/stm32/stm32cube/lib..__modules__hal__stm32__stm32cube.a(stm32f4xx_ll_utils.c.obj)
 .text.LL_PLL_ConfigSystemClock_HSE
                0x0000000008004b70       0x94 zephyr/modules/stm32/stm32cube/lib..__modules__hal__stm32__stm32cube.a(stm32f4xx_ll_utils.c.obj)
                0x0000000008004b70                LL_PLL_ConfigSystemClock_HSE
 .text.z_sys_device_do_config_level
                0x0000000008004c04       0x34 zephyr/kernel/libkernel.a(device.c.obj)
                0x0000000008004c04                z_sys_device_do_config_level
 .text.z_impl_device_get_binding
                0x0000000008004c38       0x4c zephyr/kernel/libkernel.a(device.c.obj)
                0x0000000008004c38                z_impl_device_get_binding
 .text.z_impl_z_errno
                0x0000000008004c84        0xc zephyr/kernel/libkernel.a(errno.c.obj)
                0x0000000008004c84                z_impl_z_errno
 .text.z_bss_zero
                0x0000000008004c90       0x30 zephyr/kernel/libkernel.a(init.c.obj)
                0x0000000008004c90                z_bss_zero
 .text.z_data_copy
                0x0000000008004cc0       0x4c zephyr/kernel/libkernel.a(init.c.obj)
                0x0000000008004cc0                z_data_copy
 .text.bg_thread_main
                0x0000000008004d0c       0x3c zephyr/kernel/libkernel.a(init.c.obj)
 .text.z_cstart
                0x0000000008004d48      0x10c zephyr/kernel/libkernel.a(init.c.obj)
                0x0000000008004d48                z_cstart
 .text.z_impl_k_msgq_put
                0x0000000008004e54       0xa4 zephyr/kernel/libkernel.a(msg_q.c.obj)
                0x0000000008004e54                z_impl_k_msgq_put
 .text.z_impl_k_msgq_get
                0x0000000008004ef8       0xbc zephyr/kernel/libkernel.a(msg_q.c.obj)
                0x0000000008004ef8                z_impl_k_msgq_get
 .text.z_impl_k_mutex_lock
                0x0000000008004fb4       0xe4 zephyr/kernel/libkernel.a(mutex.c.obj)
                0x0000000008004fb4                z_impl_k_mutex_lock
 .text.z_impl_k_mutex_unlock
                0x0000000008005098       0x80 zephyr/kernel/libkernel.a(mutex.c.obj)
                0x0000000008005098                z_impl_k_mutex_unlock
 .text.z_reset_time_slice
                0x0000000008005118       0x2c zephyr/kernel/libkernel.a(sched.c.obj)
                0x0000000008005118                z_reset_time_slice
 .text.k_sched_time_slice_set
                0x0000000008005144       0x40 zephyr/kernel/libkernel.a(sched.c.obj)
                0x0000000008005144                k_sched_time_slice_set
 .text.k_sched_lock
                0x0000000008005184       0x28 zephyr/kernel/libkernel.a(sched.c.obj)
                0x0000000008005184                k_sched_lock
 .text.z_priq_dumb_remove
                0x00000000080051ac       0x2c zephyr/kernel/libkernel.a(sched.c.obj)
                0x00000000080051ac                z_priq_dumb_remove
 .text.update_cache
                0x00000000080051d8       0x3c zephyr/kernel/libkernel.a(sched.c.obj)
 .text.k_sched_unlock
                0x0000000008005214       0x38 zephyr/kernel/libkernel.a(sched.c.obj)
                0x0000000008005214                k_sched_unlock
 .text.z_add_thread_to_ready_q
                0x000000000800524c       0x6c zephyr/kernel/libkernel.a(sched.c.obj)
                0x000000000800524c                z_add_thread_to_ready_q
 .text.z_move_thread_to_end_of_prio_q
                0x00000000080052b8       0x84 zephyr/kernel/libkernel.a(sched.c.obj)
                0x00000000080052b8                z_move_thread_to_end_of_prio_q
 .text.z_time_slice
                0x000000000800533c       0x6c zephyr/kernel/libkernel.a(sched.c.obj)
                0x000000000800533c                z_time_slice
 .text.z_remove_thread_from_ready_q
                0x00000000080053a8       0x4c zephyr/kernel/libkernel.a(sched.c.obj)
                0x00000000080053a8                z_remove_thread_from_ready_q
 .text.pend     0x00000000080053f4       0x74 zephyr/kernel/libkernel.a(sched.c.obj)
 .text.z_pend_curr_irqlock
                0x0000000008005468       0x48 zephyr/kernel/libkernel.a(sched.c.obj)
                0x0000000008005468                z_pend_curr_irqlock
 .text.z_pend_curr
                0x00000000080054b0       0x28 zephyr/kernel/libkernel.a(sched.c.obj)
                0x00000000080054b0                z_pend_curr
 .text.z_tick_sleep.part.19
                0x00000000080054d8       0x5c zephyr/kernel/libkernel.a(sched.c.obj)
 .text.z_set_prio
                0x0000000008005534       0x84 zephyr/kernel/libkernel.a(sched.c.obj)
                0x0000000008005534                z_set_prio
 .text.z_sched_init
                0x00000000080055b8       0x18 zephyr/kernel/libkernel.a(sched.c.obj)
                0x00000000080055b8                z_sched_init
 .text.z_impl_k_yield
                0x00000000080055d0       0x98 zephyr/kernel/libkernel.a(sched.c.obj)
                0x00000000080055d0                z_impl_k_yield
 .text.z_impl_k_sleep
                0x0000000008005668       0x3c zephyr/kernel/libkernel.a(sched.c.obj)
                0x0000000008005668                z_impl_k_sleep
 .text.z_impl_k_current_get
                0x00000000080056a4        0xc zephyr/kernel/libkernel.a(sched.c.obj)
                0x00000000080056a4                z_impl_k_current_get
 .text.z_impl_k_sem_give
                0x00000000080056b0       0x58 zephyr/kernel/libkernel.a(sem.c.obj)
                0x00000000080056b0                z_impl_k_sem_give
 .text.z_impl_k_sem_take
                0x0000000008005708       0x48 zephyr/kernel/libkernel.a(sem.c.obj)
                0x0000000008005708                z_impl_k_sem_take
 .text.k_sys_work_q_init
                0x0000000008005750       0x30 zephyr/kernel/libkernel.a(system_work_q.c.obj)
 .text.z_impl_k_busy_wait
                0x0000000008005780       0x2c zephyr/kernel/libkernel.a(thread.c.obj)
                0x0000000008005780                z_impl_k_busy_wait
 .text.z_impl_k_thread_start
                0x00000000080057ac       0x48 zephyr/kernel/libkernel.a(thread.c.obj)
                0x00000000080057ac                z_impl_k_thread_start
 .text.z_setup_new_thread
                0x00000000080057f4       0x30 zephyr/kernel/libkernel.a(thread.c.obj)
                0x00000000080057f4                z_setup_new_thread
 .text.z_impl_k_thread_create
                0x0000000008005824       0x4c zephyr/kernel/libkernel.a(thread.c.obj)
                0x0000000008005824                z_impl_k_thread_create
 .text.z_thread_single_suspend
                0x0000000008005870       0x48 zephyr/kernel/libkernel.a(thread.c.obj)
                0x0000000008005870                z_thread_single_suspend
 .text.z_impl_k_thread_suspend
                0x00000000080058b8       0x40 zephyr/kernel/libkernel.a(thread.c.obj)
                0x00000000080058b8                z_impl_k_thread_suspend
 .text.z_init_static_threads
                0x00000000080058f8       0x90 zephyr/kernel/libkernel.a(thread.c.obj)
                0x00000000080058f8                z_init_static_threads
 .text.k_work_q_start
                0x0000000008005988       0x48 zephyr/kernel/libkernel.a(work_q.c.obj)
                0x0000000008005988                k_work_q_start
 .text.elapsed  0x00000000080059d0       0x14 zephyr/kernel/libkernel.a(timeout.c.obj)
 .text.remove_timeout
                0x00000000080059e4       0x28 zephyr/kernel/libkernel.a(timeout.c.obj)
 .text.next_timeout
                0x0000000008005a0c       0x38 zephyr/kernel/libkernel.a(timeout.c.obj)
 .text.z_add_timeout
                0x0000000008005a44       0x84 zephyr/kernel/libkernel.a(timeout.c.obj)
                0x0000000008005a44                z_add_timeout
 .text.z_clock_announce
                0x0000000008005ac8       0xac zephyr/kernel/libkernel.a(timeout.c.obj)
                0x0000000008005ac8                z_clock_announce
 .text.z_tick_get
                0x0000000008005b74       0x3c zephyr/kernel/libkernel.a(timeout.c.obj)
                0x0000000008005b74                z_tick_get
 .text.k_poll_event_init
                0x0000000008005bb0       0x28 zephyr/kernel/libkernel.a(poll.c.obj)
                0x0000000008005bb0                k_poll_event_init
 .text.z_impl_k_poll
                0x0000000008005bd8       0xa8 zephyr/kernel/libkernel.a(poll.c.obj)
                0x0000000008005bd8                z_impl_k_poll
 .text.z_impl_k_poll_signal_raise
                0x0000000008005c80       0x54 zephyr/kernel/libkernel.a(poll.c.obj)
                0x0000000008005c80                z_impl_k_poll_signal_raise
 .text.init_static_pools
                0x0000000008005cd4       0x28 zephyr/kernel/libkernel.a(mempool.c.obj)
                0x0000000008005cd4                init_static_pools
 .text.k_mem_pool_alloc
                0x0000000008005cfc       0x98 zephyr/kernel/libkernel.a(mempool.c.obj)
                0x0000000008005cfc                k_mem_pool_alloc
 .text.k_mem_pool_free_id
                0x0000000008005d94       0x58 zephyr/kernel/libkernel.a(mempool.c.obj)
                0x0000000008005d94                k_mem_pool_free_id
 .text.z_thread_malloc
                0x0000000008005dec       0x14 zephyr/kernel/libkernel.a(mempool.c.obj)
                0x0000000008005dec                z_thread_malloc
 .text.k_sleep  0x0000000008005e00        0x4 app/libapp.a(main.c.obj)
 .text.gpio_pin_write
                0x0000000008005e04       0x12 app/libapp.a(main.c.obj)
 .text.int32_to_array
                0x0000000008005e16       0x10 app/libapp.a(main.c.obj)
                0x0000000008005e16                int32_to_array
 .text.get_motor_status
                0x0000000008005e26       0x88 app/libapp.a(main.c.obj)
                0x0000000008005e26                get_motor_status
 .text.get_error_register
                0x0000000008005eae       0x28 app/libapp.a(main.c.obj)
                0x0000000008005eae                get_error_register
 .text.get_motor_mode
                0x0000000008005ed6       0x26 app/libapp.a(main.c.obj)
                0x0000000008005ed6                get_motor_mode
 .text.motor_enable
                0x0000000008005efc       0x34 app/libapp.a(main.c.obj)
                0x0000000008005efc                motor_enable
 .text.motor_disable
                0x0000000008005f30       0x2e app/libapp.a(main.c.obj)
                0x0000000008005f30                motor_disable
 .text.motor_svel_feedback_encoder
                0x0000000008005f5e       0x20 app/libapp.a(main.c.obj)
                0x0000000008005f5e                motor_svel_feedback_encoder
 .text.motor_mode
                0x0000000008005f7e       0x36 app/libapp.a(main.c.obj)
                0x0000000008005f7e                motor_mode
 .text.motor_set_factor_group
                0x0000000008005fb4       0x2a app/libapp.a(main.c.obj)
                0x0000000008005fb4                motor_set_factor_group
 .text.motor_set_velocity
                0x0000000008005fde       0x2e app/libapp.a(main.c.obj)
                0x0000000008005fde                motor_set_velocity
 .text.motor_set_encoder_resolution
                0x000000000800600c       0x2e app/libapp.a(main.c.obj)
                0x000000000800600c                motor_set_encoder_resolution
 .text.motor_set_actual_position
                0x000000000800603a       0x2e app/libapp.a(main.c.obj)
                0x000000000800603a                motor_set_actual_position
 .text.motor_movr
                0x0000000008006068       0x28 app/libapp.a(main.c.obj)
                0x0000000008006068                motor_movr
 .text.get_bit_ptr
                0x0000000008006090       0x2e zephyr/libzephyr.a(mempool.c.obj)
 .text.pool_irq_lock.isra.2.part.3
                0x00000000080060be       0x12 zephyr/libzephyr.a(mempool.c.obj)
 .text.pool_irq_unlock.isra.4
                0x00000000080060d0        0xe zephyr/libzephyr.a(mempool.c.obj)
 .text.z_sys_mem_pool_base_init
                0x00000000080060de       0x8c zephyr/libzephyr.a(mempool.c.obj)
                0x00000000080060de                z_sys_mem_pool_base_init
 .text.z_sys_mem_pool_block_alloc
                0x000000000800616a      0x166 zephyr/libzephyr.a(mempool.c.obj)
                0x000000000800616a                z_sys_mem_pool_block_alloc
 .text.z_sys_mem_pool_block_free
                0x00000000080062d0      0x134 zephyr/libzephyr.a(mempool.c.obj)
                0x00000000080062d0                z_sys_mem_pool_block_free
 .text.z_thread_entry
                0x0000000008006404       0x14 zephyr/libzephyr.a(thread_entry.c.obj)
                0x0000000008006404                z_thread_entry
 .text.z_work_q_main
                0x0000000008006418       0x3e zephyr/libzephyr.a(work_q.c.obj)
                0x0000000008006418                z_work_q_main
 .text.arch_printk_char_out
                0x0000000008006456        0x4 zephyr/libzephyr.a(printk.c.obj)
                0x0000000008006456                arch_printk_char_out
 .text.print_err
                0x000000000800645a       0x1c zephyr/libzephyr.a(printk.c.obj)
 .text.z_vprintk
                0x0000000008006476      0x2e0 zephyr/libzephyr.a(printk.c.obj)
                0x0000000008006476                z_vprintk
 .text.printk   0x0000000008006756       0x1a zephyr/libzephyr.a(printk.c.obj)
                0x0000000008006756                printk
 .text.ring_buf_space_get
                0x0000000008006770       0x18 zephyr/libzephyr.a(ring_buffer.c.obj)
 .text.ring_buf_put_claim
                0x0000000008006788       0x38 zephyr/libzephyr.a(ring_buffer.c.obj)
                0x0000000008006788                ring_buf_put_claim
 .text.ring_buf_put_finish
                0x00000000080067c0       0x26 zephyr/libzephyr.a(ring_buffer.c.obj)
                0x00000000080067c0                ring_buf_put_finish
 .text.ring_buf_put
                0x00000000080067e6       0x3e zephyr/libzephyr.a(ring_buffer.c.obj)
                0x00000000080067e6                ring_buf_put
 .text.ring_buf_get_claim
                0x0000000008006824       0x42 zephyr/libzephyr.a(ring_buffer.c.obj)
                0x0000000008006824                ring_buf_get_claim
 .text.ring_buf_get_finish
                0x0000000008006866       0x2a zephyr/libzephyr.a(ring_buffer.c.obj)
                0x0000000008006866                ring_buf_get_finish
 .text.ring_buf_get
                0x0000000008006890       0x3e zephyr/libzephyr.a(ring_buffer.c.obj)
                0x0000000008006890                ring_buf_get
 .text._ConfigAbsSyms
                0x00000000080068ce        0x2 zephyr/libzephyr.a(configs.c.obj)
                0x00000000080068ce                _ConfigAbsSyms
 .text.foldcase
                0x00000000080068d0       0x10 zephyr/libzephyr.a(fnmatch.c.obj)
 .text.fnmatchx
                0x00000000080068e0      0x254 zephyr/libzephyr.a(fnmatch.c.obj)
 .text.fnmatch  0x0000000008006b34        0x6 zephyr/libzephyr.a(fnmatch.c.obj)
                0x0000000008006b34                fnmatch
 .text.shell_strlen
                0x0000000008006b3a        0xc zephyr/libzephyr.a(shell.c.obj)
 .text.shell_raw_fprintf
                0x0000000008006b46       0x1a zephyr/libzephyr.a(shell.c.obj)
 .text.shell_internal_help_print
                0x0000000008006b60       0x12 zephyr/libzephyr.a(shell.c.obj)
 .text.state_set.constprop.31
                0x0000000008006b72       0x14 zephyr/libzephyr.a(shell.c.obj)
 .text.transport_evt_handler
                0x0000000008006b86       0x14 zephyr/libzephyr.a(shell.c.obj)
 .text.k_mutex_lock.constprop.34
                0x0000000008006b9a        0x8 zephyr/libzephyr.a(shell.c.obj)
 .text.shell_fprintf
                0x0000000008006ba2       0x5a zephyr/libzephyr.a(shell.c.obj)
                0x0000000008006ba2                shell_fprintf
 .text.shell_fprintf_buffer_flush
                0x0000000008006bfc       0x18 zephyr/libzephyr.a(shell_fprintf.c.obj)
                0x0000000008006bfc                shell_fprintf_buffer_flush
 .text.out_func
                0x0000000008006c14       0x38 zephyr/libzephyr.a(shell_fprintf.c.obj)
 .text.isspace  0x0000000008006c4c       0x14 zephyr/libzephyr.a(shell_utils.c.obj)
 .text.shell_strlen
                0x0000000008006c60        0xc zephyr/libzephyr.a(shell_utils.c.obj)
 .text.column_span_with_buffer_offsets_get
                0x0000000008006c6c       0x1e zephyr/libzephyr.a(shell_utils.c.obj)
                0x0000000008006c6c                column_span_with_buffer_offsets_get
 .text.row_span_with_buffer_offsets_get
                0x0000000008006c8a       0x16 zephyr/libzephyr.a(shell_utils.c.obj)
                0x0000000008006c8a                row_span_with_buffer_offsets_get
 .text.shell_multiline_data_calc
                0x0000000008006ca0       0x2c zephyr/libzephyr.a(shell_utils.c.obj)
                0x0000000008006ca0                shell_multiline_data_calc
 .text.shell_make_argv
                0x0000000008006ccc      0x18a zephyr/libzephyr.a(shell_utils.c.obj)
                0x0000000008006ccc                shell_make_argv
 .text.shell_pattern_remove
                0x0000000008006e56       0x4e zephyr/libzephyr.a(shell_utils.c.obj)
                0x0000000008006e56                shell_pattern_remove
 .text.shell_get_last_command
                0x0000000008006ea4       0x96 zephyr/libzephyr.a(shell_utils.c.obj)
                0x0000000008006ea4                shell_get_last_command
 .text.shell_spaces_trim
                0x0000000008006f3a       0x68 zephyr/libzephyr.a(shell_utils.c.obj)
                0x0000000008006f3a                shell_spaces_trim
 .text.shell_cmd_trim
                0x0000000008006fa2       0x70 zephyr/libzephyr.a(shell_utils.c.obj)
                0x0000000008006fa2                shell_cmd_trim
 .text.shell_raw_fprintf
                0x0000000008007012       0x1a zephyr/libzephyr.a(shell_ops.c.obj)
 .text.full_line_cmd.isra.8
                0x000000000800702c       0x28 zephyr/libzephyr.a(shell_ops.c.obj)
 .text.shell_cursor_in_empty_line
                0x0000000008007054       0x28 zephyr/libzephyr.a(shell_ops.c.obj)
                0x0000000008007054                shell_cursor_in_empty_line
 .text.shell_op_cursor_move
                0x000000000800707c       0x48 zephyr/libzephyr.a(shell_ops.c.obj)
                0x000000000800707c                shell_op_cursor_move
 .text.shell_op_cursor_word_move
                0x00000000080070c4       0x74 zephyr/libzephyr.a(shell_ops.c.obj)
                0x00000000080070c4                shell_op_cursor_word_move
 .text.shell_op_cursor_home_move
                0x0000000008007138        0xc zephyr/libzephyr.a(shell_ops.c.obj)
                0x0000000008007138                shell_op_cursor_home_move
 .text.shell_op_cursor_end_move
                0x0000000008007144        0xe zephyr/libzephyr.a(shell_ops.c.obj)
                0x0000000008007144                shell_op_cursor_end_move
 .text.shell_op_left_arrow
                0x0000000008007152       0x10 zephyr/libzephyr.a(shell_ops.c.obj)
                0x0000000008007152                shell_op_left_arrow
 .text.shell_op_right_arrow
                0x0000000008007162       0x12 zephyr/libzephyr.a(shell_ops.c.obj)
                0x0000000008007162                shell_op_right_arrow
 .text.shell_op_delete_from_cursor
                0x0000000008007174       0x14 zephyr/libzephyr.a(shell_ops.c.obj)
                0x0000000008007174                shell_op_delete_from_cursor
 .text.shell_cmd_line_erase
                0x0000000008007188       0x34 zephyr/libzephyr.a(shell_ops.c.obj)
                0x0000000008007188                shell_cmd_line_erase
 .text.shell_write
                0x00000000080071bc       0x66 zephyr/libzephyr.a(shell_ops.c.obj)
                0x00000000080071bc                shell_write
 .text.shell_print_stream
                0x0000000008007222        0x4 zephyr/libzephyr.a(shell_ops.c.obj)
                0x0000000008007222                shell_print_stream
 .text.shell_internal_vfprintf
                0x0000000008007226       0x50 zephyr/libzephyr.a(shell_ops.c.obj)
                0x0000000008007226                shell_internal_vfprintf
 .text.shell_internal_fprintf
                0x0000000008007276       0x1a zephyr/libzephyr.a(shell_ops.c.obj)
                0x0000000008007276                shell_internal_fprintf
 .text.data_insert
                0x0000000008007290       0x64 zephyr/libzephyr.a(shell_ops.c.obj)
 .text.shell_op_completion_insert
                0x00000000080072f4        0x4 zephyr/libzephyr.a(shell_ops.c.obj)
                0x00000000080072f4                shell_op_completion_insert
 .text.shell_op_char_delete
                0x00000000080072f8       0x36 zephyr/libzephyr.a(shell_ops.c.obj)
                0x00000000080072f8                shell_op_char_delete
 .text.shell_op_char_backspace
                0x000000000800732e       0x22 zephyr/libzephyr.a(shell_ops.c.obj)
                0x000000000800732e                shell_op_char_backspace
 .text.z_impl_uart_irq_tx_disable
                0x0000000008007350        0xa zephyr/libzephyr.a(shell_uart.c.obj)
 .text.uninit   0x000000000800735a        0x4 zephyr/libzephyr.a(shell_uart.c.obj)
 .text.read     0x000000000800735e       0x12 zephyr/libzephyr.a(shell_uart.c.obj)
 .text.write    0x0000000008007370       0x6c zephyr/libzephyr.a(shell_uart.c.obj)
 .text.enable   0x00000000080073dc       0x14 zephyr/libzephyr.a(shell_uart.c.obj)
 .text.uart_callback
                0x00000000080073f0       0xd8 zephyr/libzephyr.a(shell_uart.c.obj)
 .text.shell_raw_fprintf
                0x00000000080074c8       0x1a zephyr/libzephyr.a(shell_help.c.obj)
 .text.cmd_bacskpace_mode_backspace
                0x00000000080074e2       0x12 zephyr/libzephyr.a(shell_cmds.c.obj)
 .text.cmd_bacskpace_mode_delete
                0x00000000080074f4       0x12 zephyr/libzephyr.a(shell_cmds.c.obj)
 .text.cmd_colors_off
                0x0000000008007506       0x12 zephyr/libzephyr.a(shell_cmds.c.obj)
 .text.cmd_colors_on
                0x0000000008007518       0x12 zephyr/libzephyr.a(shell_cmds.c.obj)
 .text.cmd_echo_off
                0x000000000800752a       0x12 zephyr/libzephyr.a(shell_cmds.c.obj)
 .text.cmd_echo_on
                0x000000000800753c       0x12 zephyr/libzephyr.a(shell_cmds.c.obj)
 .text.cmd_shell_stats_reset
                0x000000000800754e        0x8 zephyr/libzephyr.a(shell_cmds.c.obj)
 .text.shell_raw_fprintf
                0x0000000008007556       0x1a zephyr/libzephyr.a(shell_cmds.c.obj)
 .text.remove_from_tail.part.4
                0x0000000008007570       0x24 zephyr/libzephyr.a(shell_history.c.obj)
 .text.shell_history_mode_exit
                0x0000000008007594        0x6 zephyr/libzephyr.a(shell_history.c.obj)
                0x0000000008007594                shell_history_mode_exit
 .text.shell_history_get
                0x000000000800759a       0x56 zephyr/libzephyr.a(shell_history.c.obj)
                0x000000000800759a                shell_history_get
 .text.shell_history_purge
                0x00000000080075f0       0x18 zephyr/libzephyr.a(shell_history.c.obj)
                0x00000000080075f0                shell_history_purge
 .text.shell_history_put
                0x0000000008007608       0xd6 zephyr/libzephyr.a(shell_history.c.obj)
                0x0000000008007608                shell_history_put
 .text.shell_history_init
                0x00000000080076de        0xc zephyr/libzephyr.a(shell_history.c.obj)
                0x00000000080076de                shell_history_init
 .text.shell_wildcard_character_exist
                0x00000000080076ea       0x28 zephyr/libzephyr.a(shell_wildcard.c.obj)
                0x00000000080076ea                shell_wildcard_character_exist
 .text.shell_wildcard_prepare
                0x0000000008007712       0x44 zephyr/libzephyr.a(shell_wildcard.c.obj)
                0x0000000008007712                shell_wildcard_prepare
 .text.shell_wildcard_finalize
                0x0000000008007756       0x1a zephyr/libzephyr.a(shell_wildcard.c.obj)
                0x0000000008007756                shell_wildcard_finalize
 .text.__stm32_exti_isr_0
                0x0000000008007770        0xa zephyr/libzephyr.a(intc_exti_stm32.c.obj)
 .text.__stm32_exti_isr_1
                0x000000000800777a        0xa zephyr/libzephyr.a(intc_exti_stm32.c.obj)
 .text.__stm32_exti_isr_2
                0x0000000008007784        0xa zephyr/libzephyr.a(intc_exti_stm32.c.obj)
 .text.__stm32_exti_isr_3
                0x000000000800778e        0xa zephyr/libzephyr.a(intc_exti_stm32.c.obj)
 .text.__stm32_exti_isr_4
                0x0000000008007798        0xa zephyr/libzephyr.a(intc_exti_stm32.c.obj)
 .text.__stm32_exti_isr_9_5
                0x00000000080077a2        0xa zephyr/libzephyr.a(intc_exti_stm32.c.obj)
 .text.__stm32_exti_isr_15_10
                0x00000000080077ac        0xa zephyr/libzephyr.a(intc_exti_stm32.c.obj)
 .text.__stm32_exti_isr_16
                0x00000000080077b6        0xa zephyr/libzephyr.a(intc_exti_stm32.c.obj)
 .text.__stm32_exti_isr_18
                0x00000000080077c0        0xa zephyr/libzephyr.a(intc_exti_stm32.c.obj)
 .text.__stm32_exti_isr_21
                0x00000000080077ca        0xa zephyr/libzephyr.a(intc_exti_stm32.c.obj)
 .text.__stm32_exti_isr_22
                0x00000000080077d4        0xa zephyr/libzephyr.a(intc_exti_stm32.c.obj)
 .text.stm32_exti_init
                0x00000000080077de       0x74 zephyr/libzephyr.a(intc_exti_stm32.c.obj)
 .text.config_pll_init
                0x0000000008007852       0x12 zephyr/libzephyr.a(clock_stm32f2_f4_f7.c.obj)
                0x0000000008007852                config_pll_init
 .text.LL_RCC_MSI_Disable
                0x0000000008007864        0x2 zephyr/libzephyr.a(clock_stm32f2_f4_f7.c.obj)
                0x0000000008007864                LL_RCC_MSI_Disable
 .text.can_work_handler
                0x0000000008007866       0x46 zephyr/libzephyr.a(can_common.c.obj)
 .text.can_msgq_put
                0x00000000080078ac        0xc zephyr/libzephyr.a(can_common.c.obj)
 .text.can_work_isr_put
                0x00000000080078b8       0x6e zephyr/libzephyr.a(can_common.c.obj)
 .text.can_stm32_rx_isr
                0x0000000008007926       0xb2 zephyr/libzephyr.a(can_stm32.c.obj)
 .text.can_stm32_register_state_change_isr
                0x00000000080079d8       0x1e zephyr/libzephyr.a(can_stm32.c.obj)
 .text.can_stm32_get_state
                0x00000000080079f6       0x24 zephyr/libzephyr.a(can_stm32.c.obj)
 .text.can_stm32_set_filter_bank
                0x0000000008007a1a       0x72 zephyr/libzephyr.a(can_stm32.c.obj)
 .text.config_can_1_irq
                0x0000000008007a8c       0x42 zephyr/libzephyr.a(can_stm32.c.obj)
 .text.can_stm32_shift_arr
                0x0000000008007ace       0x78 zephyr/libzephyr.a(can_stm32.c.obj)
 .text.k_mutex_lock.constprop.6
                0x0000000008007b46        0x8 zephyr/libzephyr.a(can_stm32.c.obj)
 .text.can_stm32_send
                0x0000000008007b4e      0x13c zephyr/libzephyr.a(can_stm32.c.obj)
                0x0000000008007b4e                can_stm32_send
 .text.can_stm32_signal_tx_complete
                0x0000000008007c8a       0x10 zephyr/libzephyr.a(can_stm32.c.obj)
 .text.can_stm32_tx_isr_handler
                0x0000000008007c9a      0x102 zephyr/libzephyr.a(can_stm32.c.obj)
 .text.can_stm32_tx_isr
                0x0000000008007d9c        0xc zephyr/libzephyr.a(can_stm32.c.obj)
 .text.can_stm32_state_change_isr
                0x0000000008007da8       0x5e zephyr/libzephyr.a(can_stm32.c.obj)
 .text.can_stm32_get_filter_type
                0x0000000008007e06       0x12 zephyr/libzephyr.a(can_stm32.c.obj)
                0x0000000008007e06                can_stm32_get_filter_type
 .text.z_irq_spurious
                0x0000000008007e18        0x4 zephyr/arch/arch/arm/core/aarch32/libarch__arm__core__aarch32.a(irq_manage.c.obj)
                0x0000000008007e18                z_irq_spurious
 .text.z_arm_fatal_error
                0x0000000008007e1c        0x4 zephyr/arch/arch/arm/core/aarch32/libarch__arm__core__aarch32.a(fatal.c.obj)
                0x0000000008007e1c                z_arm_fatal_error
 .text.z_do_kernel_oops
                0x0000000008007e20        0x8 zephyr/arch/arch/arm/core/aarch32/libarch__arm__core__aarch32.a(fatal.c.obj)
                0x0000000008007e20                z_do_kernel_oops
 .text.z_arm_nmi
                0x0000000008007e28        0xe zephyr/arch/arch/arm/core/aarch32/libarch__arm__core__aarch32.a(nmi.c.obj)
                0x0000000008007e28                z_arm_nmi
 .text.z_arm_configure_dynamic_mpu_regions
                0x0000000008007e36       0x10 zephyr/arch/arch/arm/core/aarch32/cortex_m/mpu/libarch__arm__core__aarch32__cortex_m__mpu.a(arm_core_mpu.c.obj)
                0x0000000008007e36                z_arm_configure_dynamic_mpu_regions
 .text.strtol   0x0000000008007e46       0xec zephyr/lib/libc/minimal/liblib__libc__minimal.a(strtol.c.obj)
                0x0000000008007e46                strtol
 .text.strstr   0x0000000008007f32       0x3a zephyr/lib/libc/minimal/liblib__libc__minimal.a(strstr.c.obj)
                0x0000000008007f32                strstr
 .text.strcpy   0x0000000008007f6c       0x14 zephyr/lib/libc/minimal/liblib__libc__minimal.a(string.c.obj)
                0x0000000008007f6c                strcpy
 .text.strncpy  0x0000000008007f80       0x26 zephyr/lib/libc/minimal/liblib__libc__minimal.a(string.c.obj)
                0x0000000008007f80                strncpy
 .text.strchr   0x0000000008007fa6       0x1c zephyr/lib/libc/minimal/liblib__libc__minimal.a(string.c.obj)
                0x0000000008007fa6                strchr
 .text.strlen   0x0000000008007fc2        0xe zephyr/lib/libc/minimal/liblib__libc__minimal.a(string.c.obj)
                0x0000000008007fc2                strlen
 .text.strcmp   0x0000000008007fd0       0x18 zephyr/lib/libc/minimal/liblib__libc__minimal.a(string.c.obj)
                0x0000000008007fd0                strcmp
 .text.strncmp  0x0000000008007fe8       0x1e zephyr/lib/libc/minimal/liblib__libc__minimal.a(string.c.obj)
                0x0000000008007fe8                strncmp
 .text.memcmp   0x0000000008008006       0x20 zephyr/lib/libc/minimal/liblib__libc__minimal.a(string.c.obj)
                0x0000000008008006                memcmp
 .text.memmove  0x0000000008008026       0x2e zephyr/lib/libc/minimal/liblib__libc__minimal.a(string.c.obj)
                0x0000000008008026                memmove
 .text.memcpy   0x0000000008008054       0x54 zephyr/lib/libc/minimal/liblib__libc__minimal.a(string.c.obj)
                0x0000000008008054                memcpy
 .text.memset   0x00000000080080a8       0x44 zephyr/lib/libc/minimal/liblib__libc__minimal.a(string.c.obj)
                0x00000000080080a8                memset
 .text._to_x    0x00000000080080ec       0x44 zephyr/lib/libc/minimal/liblib__libc__minimal.a(prf.c.obj)
 .text._rlrshift
                0x0000000008008130       0x24 zephyr/lib/libc/minimal/liblib__libc__minimal.a(prf.c.obj)
 .text._ldiv5   0x0000000008008154       0x58 zephyr/lib/libc/minimal/liblib__libc__minimal.a(prf.c.obj)
 .text._get_digit
                0x00000000080081ac       0x2e zephyr/lib/libc/minimal/liblib__libc__minimal.a(prf.c.obj)
 .text._stdout_hook_default
                0x00000000080081da        0x6 zephyr/lib/libc/minimal/liblib__libc__minimal.a(stdout_console.c.obj)
 .text.gpio_stm32_isr
                0x00000000080081e0       0x30 zephyr/drivers/gpio/libdrivers__gpio.a(gpio_stm32.c.obj)
 .text.gpio_stm32_write
                0x0000000008008210       0x22 zephyr/drivers/gpio/libdrivers__gpio.a(gpio_stm32.c.obj)
 .text.gpio_stm32_read
                0x0000000008008232       0x1e zephyr/drivers/gpio/libdrivers__gpio.a(gpio_stm32.c.obj)
 .text.gpio_stm32_manage_callback
                0x0000000008008250       0x56 zephyr/drivers/gpio/libdrivers__gpio.a(gpio_stm32.c.obj)
 .text.gpio_stm32_enable_callback
                0x00000000080082a6       0x1a zephyr/drivers/gpio/libdrivers__gpio.a(gpio_stm32.c.obj)
 .text.gpio_stm32_disable_callback
                0x00000000080082c0       0x1c zephyr/drivers/gpio/libdrivers__gpio.a(gpio_stm32.c.obj)
 .text.gpio_stm32_flags_to_conf
                0x00000000080082dc       0x3a zephyr/drivers/gpio/libdrivers__gpio.a(gpio_stm32.c.obj)
                0x00000000080082dc                gpio_stm32_flags_to_conf
 .text.gpio_stm32_configure
                0x0000000008008316      0x106 zephyr/drivers/gpio/libdrivers__gpio.a(gpio_stm32.c.obj)
                0x0000000008008316                gpio_stm32_configure
 .text.pwm_stm32_get_cycles_per_sec
                0x000000000800841c       0x3e zephyr/drivers/pwm/libdrivers__pwm.a(pwm_stm32.c.obj)
 .text.LL_USART_ClearFlag_PE
                0x000000000800845a       0x12 zephyr/drivers/serial/libdrivers__serial.a(uart_stm32.c.obj)
 .text.uart_stm32_poll_in
                0x000000000800846c       0x26 zephyr/drivers/serial/libdrivers__serial.a(uart_stm32.c.obj)
 .text.uart_stm32_poll_out
                0x0000000008008492       0x16 zephyr/drivers/serial/libdrivers__serial.a(uart_stm32.c.obj)
 .text.uart_stm32_err_check
                0x00000000080084a8       0x4a zephyr/drivers/serial/libdrivers__serial.a(uart_stm32.c.obj)
 .text.uart_stm32_fifo_fill
                0x00000000080084f2       0x24 zephyr/drivers/serial/libdrivers__serial.a(uart_stm32.c.obj)
 .text.uart_stm32_fifo_read
                0x0000000008008516       0x2e zephyr/drivers/serial/libdrivers__serial.a(uart_stm32.c.obj)
 .text.uart_stm32_irq_tx_enable
                0x0000000008008544       0x10 zephyr/drivers/serial/libdrivers__serial.a(uart_stm32.c.obj)
 .text.uart_stm32_irq_tx_disable
                0x0000000008008554       0x10 zephyr/drivers/serial/libdrivers__serial.a(uart_stm32.c.obj)
 .text.uart_stm32_irq_tx_ready
                0x0000000008008564        0xe zephyr/drivers/serial/libdrivers__serial.a(uart_stm32.c.obj)
 .text.uart_stm32_irq_tx_complete
                0x0000000008008572        0xe zephyr/drivers/serial/libdrivers__serial.a(uart_stm32.c.obj)
 .text.uart_stm32_irq_rx_enable
                0x0000000008008580       0x10 zephyr/drivers/serial/libdrivers__serial.a(uart_stm32.c.obj)
 .text.uart_stm32_irq_rx_disable
                0x0000000008008590       0x10 zephyr/drivers/serial/libdrivers__serial.a(uart_stm32.c.obj)
 .text.uart_stm32_irq_rx_ready
                0x00000000080085a0        0xe zephyr/drivers/serial/libdrivers__serial.a(uart_stm32.c.obj)
 .text.uart_stm32_irq_is_pending
                0x00000000080085ae       0x26 zephyr/drivers/serial/libdrivers__serial.a(uart_stm32.c.obj)
 .text.uart_stm32_irq_update
                0x00000000080085d4        0x4 zephyr/drivers/serial/libdrivers__serial.a(uart_stm32.c.obj)
 .text.uart_stm32_irq_callback_set
                0x00000000080085d8        0x8 zephyr/drivers/serial/libdrivers__serial.a(uart_stm32.c.obj)
 .text.uart_stm32_isr
                0x00000000080085e0        0xc zephyr/drivers/serial/libdrivers__serial.a(uart_stm32.c.obj)
 .text.uart_stm32_irq_config_func_USART_2
                0x00000000080085ec       0x16 zephyr/drivers/serial/libdrivers__serial.a(uart_stm32.c.obj)
 .text.uart_stm32_set_baudrate
                0x0000000008008602       0x46 zephyr/drivers/serial/libdrivers__serial.a(uart_stm32.c.obj)
 .text.uart_stm32_config_get
                0x0000000008008648       0x6c zephyr/drivers/serial/libdrivers__serial.a(uart_stm32.c.obj)
 .text.HAL_TIM_PWM_MspInit
                0x00000000080086b4        0x2 zephyr/modules/stm32/stm32cube/lib..__modules__hal__stm32__stm32cube.a(stm32f4xx_hal_tim.c.obj)
                0x00000000080086b4                HAL_TIM_PWM_MspInit
 .text.HAL_TIM_PWM_Init
                0x00000000080086b6       0x34 zephyr/modules/stm32/stm32cube/lib..__modules__hal__stm32__stm32cube.a(stm32f4xx_hal_tim.c.obj)
                0x00000000080086b6                HAL_TIM_PWM_Init
 .text.HAL_TIM_PWM_ConfigChannel
                0x00000000080086ea       0xc4 zephyr/modules/stm32/stm32cube/lib..__modules__hal__stm32__stm32cube.a(stm32f4xx_hal_tim.c.obj)
                0x00000000080086ea                HAL_TIM_PWM_ConfigChannel
 .text.TIM_CCxChannelCmd
                0x00000000080087ae       0x1c zephyr/modules/stm32/stm32cube/lib..__modules__hal__stm32__stm32cube.a(stm32f4xx_hal_tim.c.obj)
                0x00000000080087ae                TIM_CCxChannelCmd
 .text.HAL_TIM_PWM_Start
                0x00000000080087ca        0x4 zephyr/modules/stm32/stm32cube/lib..__modules__hal__stm32__stm32cube.a(stm32f4xx_hal_tim.c.obj)
                0x00000000080087ca                HAL_TIM_PWM_Start
 .text.arch_system_halt
                0x00000000080087ce       0x12 zephyr/kernel/libkernel.a(fatal.c.obj)
                0x00000000080087ce                arch_system_halt
 .text.k_sys_fatal_error_handler
                0x00000000080087e0        0x6 zephyr/kernel/libkernel.a(fatal.c.obj)
                0x00000000080087e0                k_sys_fatal_error_handler
 .text.z_fatal_error
                0x00000000080087e6       0x1e zephyr/kernel/libkernel.a(fatal.c.obj)
                0x00000000080087e6                z_fatal_error
 .text.z_impl_k_mutex_init
                0x0000000008008804        0xc zephyr/kernel/libkernel.a(mutex.c.obj)
                0x0000000008008804                z_impl_k_mutex_init
 .text.queue_insert
                0x0000000008008810       0xa2 zephyr/kernel/libkernel.a(queue.c.obj)
 .text.z_queue_node_peek
                0x00000000080088b2       0x18 zephyr/kernel/libkernel.a(queue.c.obj)
                0x00000000080088b2                z_queue_node_peek
 .text.z_impl_k_queue_init
                0x00000000080088ca       0x10 zephyr/kernel/libkernel.a(queue.c.obj)
                0x00000000080088ca                z_impl_k_queue_init
 .text.k_queue_append
                0x00000000080088da        0xa zephyr/kernel/libkernel.a(queue.c.obj)
                0x00000000080088da                k_queue_append
 .text.z_impl_k_queue_get
                0x00000000080088e4       0xca zephyr/kernel/libkernel.a(queue.c.obj)
                0x00000000080088e4                z_impl_k_queue_get
 .text.z_is_thread_ready
                0x00000000080089ae       0x12 zephyr/kernel/libkernel.a(sched.c.obj)
 .text.z_is_t1_higher_prio_than_t2
                0x00000000080089c0       0x12 zephyr/kernel/libkernel.a(sched.c.obj)
                0x00000000080089c0                z_is_t1_higher_prio_than_t2
 .text.z_unpend_thread_no_timeout
                0x00000000080089d2       0x32 zephyr/kernel/libkernel.a(sched.c.obj)
                0x00000000080089d2                z_unpend_thread_no_timeout
 .text.z_reschedule
                0x0000000008008a04       0x16 zephyr/kernel/libkernel.a(sched.c.obj)
                0x0000000008008a04                z_reschedule
 .text.z_reschedule_irqlock
                0x0000000008008a1a       0x18 zephyr/kernel/libkernel.a(sched.c.obj)
                0x0000000008008a1a                z_reschedule_irqlock
 .text.z_reschedule_unlocked
                0x0000000008008a32       0x14 zephyr/kernel/libkernel.a(sched.c.obj)
 .text.z_unpend_thread
                0x0000000008008a46       0x3c zephyr/kernel/libkernel.a(sched.c.obj)
                0x0000000008008a46                z_unpend_thread
 .text.z_priq_dumb_best
                0x0000000008008a82        0xc zephyr/kernel/libkernel.a(sched.c.obj)
                0x0000000008008a82                z_priq_dumb_best
 .text.z_thread_timeout
                0x0000000008008a8e       0x62 zephyr/kernel/libkernel.a(sched.c.obj)
                0x0000000008008a8e                z_thread_timeout
 .text.z_unpend_first_thread
                0x0000000008008af0       0x5a zephyr/kernel/libkernel.a(sched.c.obj)
                0x0000000008008af0                z_unpend_first_thread
 .text.z_unpend_all
                0x0000000008008b4a       0x2c zephyr/kernel/libkernel.a(sched.c.obj)
                0x0000000008008b4a                z_unpend_all
 .text.z_impl_k_sem_init
                0x0000000008008b76       0x12 zephyr/kernel/libkernel.a(sem.c.obj)
                0x0000000008008b76                z_impl_k_sem_init
 .text.z_is_thread_ready
                0x0000000008008b88       0x12 zephyr/kernel/libkernel.a(thread.c.obj)
 .text.z_impl_k_thread_name_set
                0x0000000008008b9a        0x6 zephyr/kernel/libkernel.a(thread.c.obj)
                0x0000000008008b9a                z_impl_k_thread_name_set
 .text.z_new_thread_init
                0x0000000008008ba0       0x1e zephyr/kernel/libkernel.a(thread.c.obj)
                0x0000000008008ba0                z_new_thread_init
 .text.z_thread_single_abort
                0x0000000008008bbe       0x3e zephyr/kernel/libkernel.a(thread.c.obj)
                0x0000000008008bbe                z_thread_single_abort
 .text.z_abort_timeout
                0x0000000008008bfc       0x2c zephyr/kernel/libkernel.a(timeout.c.obj)
                0x0000000008008bfc                z_abort_timeout
 .text.z_get_next_timeout_expiry
                0x0000000008008c28       0x20 zephyr/kernel/libkernel.a(timeout.c.obj)
                0x0000000008008c28                z_get_next_timeout_expiry
 .text.z_set_timeout_expiry
                0x0000000008008c48       0x34 zephyr/kernel/libkernel.a(timeout.c.obj)
                0x0000000008008c48                z_set_timeout_expiry
 .text.z_tick_get_32
                0x0000000008008c7c        0x8 zephyr/kernel/libkernel.a(timeout.c.obj)
                0x0000000008008c7c                z_tick_get_32
 .text.z_impl_k_uptime_get
                0x0000000008008c84       0x10 zephyr/kernel/libkernel.a(timeout.c.obj)
                0x0000000008008c84                z_impl_k_uptime_get
 .text.clear_event_registrations
                0x0000000008008c94       0x5a zephyr/kernel/libkernel.a(poll.c.obj)
 .text.signal_poll_event
                0x0000000008008cee       0x36 zephyr/kernel/libkernel.a(poll.c.obj)
 .text.k_poll_poller_cb
                0x0000000008008d24       0x44 zephyr/kernel/libkernel.a(poll.c.obj)
 .text.add_event
                0x0000000008008d68       0x5c zephyr/kernel/libkernel.a(poll.c.obj)
 .text.register_events
                0x0000000008008dc4       0xb4 zephyr/kernel/libkernel.a(poll.c.obj)
 .text.z_handle_obj_poll_events
                0x0000000008008e78       0x1c zephyr/kernel/libkernel.a(poll.c.obj)
                0x0000000008008e78                z_handle_obj_poll_events
 .text.z_impl_k_poll_signal_init
                0x0000000008008e94        0xa zephyr/kernel/libkernel.a(poll.c.obj)
                0x0000000008008e94                z_impl_k_poll_signal_init
 .text.z_impl_k_poll_signal_check
                0x0000000008008e9e        0xa zephyr/kernel/libkernel.a(poll.c.obj)
                0x0000000008008e9e                z_impl_k_poll_signal_check
 .text.idle     0x0000000008008ea8       0x28 zephyr/kernel/libkernel.a(idle.c.obj)
                0x0000000008008ea8                idle
 .text.k_mem_pool_malloc
                0x0000000008008ed0       0x28 zephyr/kernel/libkernel.a(mempool.c.obj)
                0x0000000008008ed0                k_mem_pool_malloc
 .text.k_free   0x0000000008008ef8        0xa zephyr/kernel/libkernel.a(mempool.c.obj)
                0x0000000008008ef8                k_free
 .text._OffsetAbsSyms
                0x0000000008008f02        0x2 zephyr/CMakeFiles/offsets.dir/arch/arm/core/offsets/offsets.c.obj
                0x0000000008008f02                _OffsetAbsSyms
 *(SORT_BY_ALIGNMENT(.gnu.linkonce.t.*))
 *(SORT_BY_ALIGNMENT(.glue_7t))
 .glue_7t       0x0000000008008f04        0x0 linker stubs
 *(SORT_BY_ALIGNMENT(.glue_7))
 .glue_7        0x0000000008008f04        0x0 linker stubs
 *(SORT_BY_ALIGNMENT(.vfp11_veneer))
 .vfp11_veneer  0x0000000008008f04        0x0 linker stubs
 *(SORT_BY_ALIGNMENT(.v4_bx))
 .v4_bx         0x0000000008008f04        0x0 linker stubs
                0x0000000008008f04                _image_text_end = .

.ARM.exidx      0x0000000008008f04        0x8
                0x0000000008008f04                __exidx_start = .
 *(SORT_BY_ALIGNMENT(.ARM.exidx*) SORT_BY_ALIGNMENT(gnu.linkonce.armexidx.*))
 .ARM.exidx     0x0000000008008f04        0x8 /home/kerraiosc/zephyr-sdk-0.10.3/arm-zephyr-eabi/bin/../lib/gcc/arm-zephyr-eabi/8.3.0/thumb/v7e-m/nofp/libgcc.a(_udivmoddi4.o)
                0x0000000008008f0c                __exidx_end = .
                0x0000000008008f0c                _image_rodata_start = .

sw_isr_table    0x0000000008008f0c      0x290
                0x0000000008008f0c                . = ALIGN (0x0)
 *(SORT_BY_ALIGNMENT(.gnu.linkonce.sw_isr_table))
 .gnu.linkonce.sw_isr_table
                0x0000000008008f0c      0x290 zephyr/CMakeFiles/zephyr_final.dir/isr_tables.c.obj
                0x0000000008008f0c                _sw_isr_table

app_shmem_regions
                0x000000000800919c        0x0
                0x000000000800919c                __app_shmem_regions_start = .
 *(SORT_BY_NAME(SORT_BY_ALIGNMENT(.app_regions.*)))
                0x000000000800919c                __app_shmem_regions_end = .

devconfig       0x000000000800919c      0x108
                0x000000000800919c                __devconfig_start = .
 *(SORT_BY_ALIGNMENT(.devconfig.*))
 .devconfig.init
                0x000000000800919c        0xc zephyr/libzephyr.a(soc.c.obj)
 .devconfig.init
                0x00000000080091a8        0xc zephyr/libzephyr.a(shell_uart.c.obj)
 .devconfig.init
                0x00000000080091b4        0xc zephyr/libzephyr.a(uart_console.c.obj)
 .devconfig.init
                0x00000000080091c0        0xc zephyr/libzephyr.a(intc_exti_stm32.c.obj)
 .devconfig.init
                0x00000000080091cc        0xc zephyr/libzephyr.a(clock_stm32_ll_common.c.obj)
 .devconfig.init
                0x00000000080091d8        0xc zephyr/libzephyr.a(can_stm32.c.obj)
 .devconfig.init
                0x00000000080091e4        0xc zephyr/libzephyr.a(sys_clock_init.c.obj)
 .devconfig.init
                0x00000000080091f0        0xc zephyr/arch/arch/arm/core/aarch32/cortex_m/mpu/libarch__arm__core__aarch32__cortex_m__mpu.a(arm_mpu.c.obj)
 .devconfig.init
                0x00000000080091fc        0xc zephyr/boards/arm/stm32f4_disco/libboards__arm__stm32f4_disco.a(pinmux.c.obj)
 .devconfig.init
                0x0000000008009208       0x6c zephyr/drivers/gpio/libdrivers__gpio.a(gpio_stm32.c.obj)
 .devconfig.init
                0x0000000008009274        0xc zephyr/drivers/pwm/libdrivers__pwm.a(pwm_stm32.c.obj)
 .devconfig.init
                0x0000000008009280        0xc zephyr/drivers/serial/libdrivers__serial.a(uart_stm32.c.obj)
 .devconfig.init
                0x000000000800928c        0xc zephyr/kernel/libkernel.a(system_work_q.c.obj)
 .devconfig.init
                0x0000000008009298        0xc zephyr/kernel/libkernel.a(mempool.c.obj)
 *(SORT_BY_NAME(SORT_BY_ALIGNMENT(.devconfig*)))
                0x00000000080092a4                __devconfig_end = .

net_l2          0x00000000080092a4        0x0
                0x00000000080092a4                __net_l2_start = .
 *(SORT_BY_ALIGNMENT(.net_l2.init))
 *(SORT_BY_NAME(SORT_BY_ALIGNMENT(.net_l2.init*)))
                0x00000000080092a4                __net_l2_end = .

_bt_channels_area
                0x00000000080092a4        0x0
                0x00000000080092a4                _bt_l2cap_fixed_chan_list_start = .
 *(SORT_BY_NAME(SORT_BY_ALIGNMENT(._bt_l2cap_fixed_chan.static.*)))
                0x00000000080092a4                _bt_l2cap_fixed_chan_list_end = .

_bt_services_area
                0x00000000080092a4        0x0
                0x00000000080092a4                _bt_gatt_service_static_list_start = .
 *(SORT_BY_NAME(SORT_BY_ALIGNMENT(._bt_gatt_service_static.static.*)))
                0x00000000080092a4                _bt_gatt_service_static_list_end = .

log_const_sections
                0x00000000080092a4        0x0
                0x00000000080092a4                __log_const_start = .
 *(SORT_BY_NAME(SORT_BY_ALIGNMENT(.log_const_*)))
                0x00000000080092a4                __log_const_end = .

log_backends_sections
                0x00000000080092a4        0x0
                0x00000000080092a4                __log_backends_start = .
 *(SORT_BY_ALIGNMENT(._log_backend.*))
                0x00000000080092a4                __log_backends_end = .

shell_root_cmds_sections
                0x00000000080092a4       0x38
                0x00000000080092a4                __shell_root_cmds_start = .
 *(SORT_BY_NAME(SORT_BY_ALIGNMENT(.shell_root_cmd_*)))
 .shell_root_cmd_canbus
                0x00000000080092a4        0x8 zephyr/libzephyr.a(can_shell.c.obj)
 .shell_root_cmd_clear
                0x00000000080092ac        0x8 zephyr/libzephyr.a(shell_cmds.c.obj)
 .shell_root_cmd_device
                0x00000000080092b4        0x8 zephyr/libzephyr.a(device_service.c.obj)
 .shell_root_cmd_help
                0x00000000080092bc        0x8 zephyr/libzephyr.a(shell_cmds.c.obj)
 .shell_root_cmd_history
                0x00000000080092c4        0x8 zephyr/libzephyr.a(shell_cmds.c.obj)
 .shell_root_cmd_resize
                0x00000000080092cc        0x8 zephyr/libzephyr.a(shell_cmds.c.obj)
 .shell_root_cmd_shell
                0x00000000080092d4        0x8 zephyr/libzephyr.a(shell_cmds.c.obj)
                0x00000000080092dc                __shell_root_cmds_end = .

font_entry_sections
                0x00000000080092dc        0x0
                0x00000000080092dc                __font_entry_start = .
 *(SORT_BY_NAME(SORT_BY_ALIGNMENT(._cfb_font.*)))
                0x00000000080092dc                __font_entry_end = .

rodata          0x00000000080092dc     0x13d0
 *(SORT_BY_ALIGNMENT(.rodata))
 .rodata        0x00000000080092dc        0x8 zephyr/drivers/gpio/libdrivers__gpio.a(gpio_stm32.c.obj)
 *(SORT_BY_ALIGNMENT(.rodata.*))
 .rodata.CSWTCH.26
                0x00000000080092e4        0xc app/libapp.a(main.c.obj)
 .rodata._shell_device
                0x00000000080092f0       0x14 zephyr/libzephyr.a(device_service.c.obj)
 .rodata.config_levels
                0x0000000008009304       0x14 zephyr/libzephyr.a(device_service.c.obj)
 .rodata.shell_sub_device
                0x0000000008009318       0x3c zephyr/libzephyr.a(device_service.c.obj)
 .rodata.sub_device
                0x0000000008009354        0x8 zephyr/libzephyr.a(device_service.c.obj)
 .rodata.shell_transport_uart_shell_uart
                0x000000000800935c       0x10 zephyr/libzephyr.a(shell_uart.c.obj)
 .rodata.shell_uart
                0x000000000800936c       0x2c zephyr/libzephyr.a(shell_uart.c.obj)
 .rodata.shell_uart_fprintf
                0x0000000008009398       0x14 zephyr/libzephyr.a(shell_uart.c.obj)
 .rodata.shell_uart_transport_api
                0x00000000080093ac       0x18 zephyr/libzephyr.a(shell_uart.c.obj)
                0x00000000080093ac                shell_uart_transport_api
 .rodata._shell_clear
                0x00000000080093c4       0x14 zephyr/libzephyr.a(shell_cmds.c.obj)
 .rodata._shell_help
                0x00000000080093d8       0x14 zephyr/libzephyr.a(shell_cmds.c.obj)
 .rodata._shell_history
                0x00000000080093ec       0x14 zephyr/libzephyr.a(shell_cmds.c.obj)
 .rodata._shell_resize
                0x0000000008009400       0x14 zephyr/libzephyr.a(shell_cmds.c.obj)
 .rodata._shell_shell
                0x0000000008009414       0x14 zephyr/libzephyr.a(shell_cmds.c.obj)
 .rodata.m_sub_backspace_mode
                0x0000000008009428        0x8 zephyr/libzephyr.a(shell_cmds.c.obj)
 .rodata.m_sub_colors
                0x0000000008009430        0x8 zephyr/libzephyr.a(shell_cmds.c.obj)
 .rodata.m_sub_echo
                0x0000000008009438        0x8 zephyr/libzephyr.a(shell_cmds.c.obj)
 .rodata.m_sub_resize
                0x0000000008009440        0x8 zephyr/libzephyr.a(shell_cmds.c.obj)
 .rodata.m_sub_shell
                0x0000000008009448        0x8 zephyr/libzephyr.a(shell_cmds.c.obj)
 .rodata.m_sub_shell_stats
                0x0000000008009450        0x8 zephyr/libzephyr.a(shell_cmds.c.obj)
 .rodata.shell_m_sub_backspace_mode
                0x0000000008009458       0x3c zephyr/libzephyr.a(shell_cmds.c.obj)
 .rodata.shell_m_sub_colors
                0x0000000008009494       0x3c zephyr/libzephyr.a(shell_cmds.c.obj)
 .rodata.shell_m_sub_echo
                0x00000000080094d0       0x3c zephyr/libzephyr.a(shell_cmds.c.obj)
 .rodata.shell_m_sub_resize
                0x000000000800950c       0x28 zephyr/libzephyr.a(shell_cmds.c.obj)
 .rodata.shell_m_sub_shell
                0x0000000008009534       0x64 zephyr/libzephyr.a(shell_cmds.c.obj)
 .rodata.shell_m_sub_shell_stats
                0x0000000008009598       0x3c zephyr/libzephyr.a(shell_cmds.c.obj)
 .rodata.ports_enable
                0x00000000080095d4       0x2c zephyr/libzephyr.a(pinmux_stm32.c.obj)
 .rodata.can_api_funcs
                0x0000000008009600       0x18 zephyr/libzephyr.a(can_stm32.c.obj)
 .rodata.can_stm32_cfg_1
                0x0000000008009618       0x18 zephyr/libzephyr.a(can_stm32.c.obj)
 .rodata._shell_canbus
                0x0000000008009630       0x14 zephyr/libzephyr.a(can_shell.c.obj)
 .rodata.shell_sub_can
                0x0000000008009644       0x50 zephyr/libzephyr.a(can_shell.c.obj)
 .rodata.sub_can
                0x0000000008009694        0x8 zephyr/libzephyr.a(can_shell.c.obj)
 .rodata.mpu_config
                0x000000000800969c        0x8 zephyr/soc/arm/common/cortex_m/libsoc__arm__common__cortex_m.a(arm_mpu_regions.c.obj)
                0x000000000800969c                mpu_config
 .rodata.mpu_regions
                0x00000000080096a4       0x18 zephyr/soc/arm/common/cortex_m/libsoc__arm__common__cortex_m.a(arm_mpu_regions.c.obj)
 .rodata.pinconf
                0x00000000080096bc       0x28 zephyr/boards/arm/stm32f4_disco/libboards__arm__stm32f4_disco.a(pinmux.c.obj)
 .rodata.gpio_stm32_cfg_a
                0x00000000080096e4       0x10 zephyr/drivers/gpio/libdrivers__gpio.a(gpio_stm32.c.obj)
 .rodata.gpio_stm32_cfg_b
                0x00000000080096f4       0x10 zephyr/drivers/gpio/libdrivers__gpio.a(gpio_stm32.c.obj)
 .rodata.gpio_stm32_cfg_c
                0x0000000008009704       0x10 zephyr/drivers/gpio/libdrivers__gpio.a(gpio_stm32.c.obj)
 .rodata.gpio_stm32_cfg_d
                0x0000000008009714       0x10 zephyr/drivers/gpio/libdrivers__gpio.a(gpio_stm32.c.obj)
 .rodata.gpio_stm32_cfg_e
                0x0000000008009724       0x10 zephyr/drivers/gpio/libdrivers__gpio.a(gpio_stm32.c.obj)
 .rodata.gpio_stm32_cfg_f
                0x0000000008009734       0x10 zephyr/drivers/gpio/libdrivers__gpio.a(gpio_stm32.c.obj)
 .rodata.gpio_stm32_cfg_g
                0x0000000008009744       0x10 zephyr/drivers/gpio/libdrivers__gpio.a(gpio_stm32.c.obj)
 .rodata.gpio_stm32_cfg_h
                0x0000000008009754       0x10 zephyr/drivers/gpio/libdrivers__gpio.a(gpio_stm32.c.obj)
 .rodata.gpio_stm32_cfg_i
                0x0000000008009764       0x10 zephyr/drivers/gpio/libdrivers__gpio.a(gpio_stm32.c.obj)
 .rodata.gpio_stm32_driver
                0x0000000008009774       0x1c zephyr/drivers/gpio/libdrivers__gpio.a(gpio_stm32.c.obj)
 .rodata.pwm_stm32_dev_cfg_2
                0x0000000008009790        0xc zephyr/drivers/pwm/libdrivers__pwm.a(pwm_stm32.c.obj)
 .rodata.pwm_stm32_drv_api_funcs
                0x000000000800979c        0x8 zephyr/drivers/pwm/libdrivers__pwm.a(pwm_stm32.c.obj)
 .rodata.uart_stm32_cfg_USART_2
                0x00000000080097a4       0x18 zephyr/drivers/serial/libdrivers__serial.a(uart_stm32.c.obj)
 .rodata.uart_stm32_driver_api
                0x00000000080097bc       0x4c zephyr/drivers/serial/libdrivers__serial.a(uart_stm32.c.obj)
 .rodata.config_levels.13088
                0x0000000008009808       0x14 zephyr/kernel/libkernel.a(device.c.obj)
 .rodata._k_neg_eagain
                0x000000000800981c        0x4 zephyr/kernel/libkernel.a(errno.c.obj)
                0x000000000800981c                _k_neg_eagain
 .rodata.CSWTCH.21
                0x0000000008009820        0x6 zephyr/drivers/serial/libdrivers__serial.a(uart_stm32.c.obj)
 .rodata.change_led.str1.1
                0x0000000008009826       0x14 app/libapp.a(main.c.obj)
 .rodata.init_can.str1.1
                0x000000000800983a       0x2b app/libapp.a(main.c.obj)
 .rodata.main.str1.1
                0x0000000008009865       0x5f app/libapp.a(main.c.obj)
 .rodata.poll_state_thread.str1.1
                0x00000000080098c4        0x8 app/libapp.a(main.c.obj)
                                         0x39 (size before relaxing)
 .rodata.rx_thread.str1.1
                0x00000000080098cc       0x31 app/libapp.a(main.c.obj)
 .rodata.state_change_work_handler.str1.1
                0x00000000080098fd       0x42 app/libapp.a(main.c.obj)
 .rodata.str1.1
                0x000000000800993f       0x23 app/libapp.a(main.c.obj)
 .rodata.str1.1
                0x0000000008009962       0x23 zephyr/libzephyr.a(soc.c.obj)
                                          0x1 (size before relaxing)
 .rodata.cmd_device_levels.str1.1
                0x0000000008009962       0x42 zephyr/libzephyr.a(device_service.c.obj)
 .rodata.cmd_device_list.str1.1
                0x00000000080099a4       0x10 zephyr/libzephyr.a(device_service.c.obj)
 .rodata.str1.1
                0x00000000080099b4       0x56 zephyr/libzephyr.a(device_service.c.obj)
                                         0x5d (size before relaxing)
 .rodata.cmd.13908
                0x0000000008009a0a        0x4 zephyr/libzephyr.a(shell.c.obj)
 .rodata.cmd.14286
                0x0000000008009a0e        0x4 zephyr/libzephyr.a(shell.c.obj)
 .rodata.cmd.14287
                0x0000000008009a12        0x5 zephyr/libzephyr.a(shell.c.obj)
 .rodata.execute.str1.1
                0x0000000008009a17       0x9a zephyr/libzephyr.a(shell.c.obj)
                                         0xa2 (size before relaxing)
 .rodata.history_handle.str1.1
                0x0000000008009ab1       0x9a zephyr/libzephyr.a(shell.c.obj)
                                          0x3 (size before relaxing)
 .rodata.shell_process.str1.1
                0x0000000008009ab1        0x6 zephyr/libzephyr.a(shell.c.obj)
                                          0x9 (size before relaxing)
 .rodata.shell_start.str1.1
                0x0000000008009ab7        0x3 zephyr/libzephyr.a(shell.c.obj)
 .rodata.shell_thread.str1.1
                0x0000000008009aba       0x17 zephyr/libzephyr.a(shell.c.obj)
 .rodata.clear_eos.isra.6.str1.1
                0x0000000008009ad1        0x3 zephyr/libzephyr.a(shell_ops.c.obj)
 .rodata.cmd.13864
                0x0000000008009ad1        0x4 zephyr/libzephyr.a(shell_ops.c.obj)
 .rodata.cmd.13868
                0x0000000008009ad5        0x3 zephyr/libzephyr.a(shell_ops.c.obj)
 .rodata.cmd.13872
                0x0000000008009ad8        0x3 zephyr/libzephyr.a(shell_ops.c.obj)
 .rodata.cmd.14170
                0x0000000008009adb        0x4 zephyr/libzephyr.a(shell_ops.c.obj)
 .rodata.shell_op_char_insert.str1.1
                0x0000000008009adf       0x17 zephyr/libzephyr.a(shell_ops.c.obj)
                                          0x3 (size before relaxing)
 .rodata.shell_op_cond_next_line.str1.1
                0x0000000008009adf        0x2 zephyr/libzephyr.a(shell_ops.c.obj)
 .rodata.shell_op_cursor_vert_move.str1.1
                0x0000000008009adf        0x7 zephyr/libzephyr.a(shell_ops.c.obj)
 .rodata.enable_shell_uart.str1.1
                0x0000000008009ae6        0x7 zephyr/libzephyr.a(shell_uart.c.obj)
 .rodata.str1.1
                0x0000000008009aed       0x14 zephyr/libzephyr.a(shell_uart.c.obj)
                                         0x15 (size before relaxing)
 .rodata.cmd_sep.14071
                0x0000000008009b01        0x4 zephyr/libzephyr.a(shell_help.c.obj)
 .rodata.formatted_text_print.constprop.2.str1.1
                0x0000000008009b05        0x2 zephyr/libzephyr.a(shell_help.c.obj)
 .rodata.shell_help_cmd_print.str1.1
                0x0000000008009b05       0x14 zephyr/libzephyr.a(shell_help.c.obj)
                                          0x5 (size before relaxing)
 .rodata.shell_help_subcmd_print.str1.1
                0x0000000008009b05       0x18 zephyr/libzephyr.a(shell_help.c.obj)
 .rodata.tabulator.14048
                0x0000000008009b1d        0x3 zephyr/libzephyr.a(shell_help.c.obj)
 .rodata.cmd.13837
                0x0000000008009b20        0x3 zephyr/libzephyr.a(shell_cmds.c.obj)
 .rodata.cmd.13841
                0x0000000008009b23        0x3 zephyr/libzephyr.a(shell_cmds.c.obj)
 .rodata.cmd.14018
                0x0000000008009b26        0x4 zephyr/libzephyr.a(shell_cmds.c.obj)
 .rodata.cmd.14019
                0x0000000008009b2a        0x5 zephyr/libzephyr.a(shell_cmds.c.obj)
 .rodata.cmd.14084
                0x0000000008009b2f        0x6 zephyr/libzephyr.a(shell_cmds.c.obj)
 .rodata.cmd_clear.str1.1
                0x0000000008009b35        0x3 zephyr/libzephyr.a(shell_cmds.c.obj)
 .rodata.cmd_echo.str1.1
                0x0000000008009b35       0x32 zephyr/libzephyr.a(shell_cmds.c.obj)
                                         0x36 (size before relaxing)
 .rodata.cmd_get_terminal_size.13993
                0x0000000008009b67        0x5 zephyr/libzephyr.a(shell_cmds.c.obj)
 .rodata.cmd_help.str1.1
                0x0000000008009b6c      0x1b7 zephyr/libzephyr.a(shell_cmds.c.obj)
 .rodata.cmd_history.str1.1
                0x0000000008009d23        0xa zephyr/libzephyr.a(shell_cmds.c.obj)
 .rodata.cmd_resize.str1.1
                0x0000000008009d2d       0x3a zephyr/libzephyr.a(shell_cmds.c.obj)
 .rodata.cmd_shell_stats_show.str1.1
                0x0000000008009d67        0xf zephyr/libzephyr.a(shell_cmds.c.obj)
 .rodata.str1.1
                0x0000000008009d76      0x3d4 zephyr/libzephyr.a(shell_cmds.c.obj)
                                        0x3d9 (size before relaxing)
 .rodata.shell_wildcard_process.str1.1
                0x000000000800a14a       0x52 zephyr/libzephyr.a(shell_wildcard.c.obj)
 .rodata.str1.1
                0x000000000800a19c        0x1 zephyr/libzephyr.a(uart_console.c.obj)
 .rodata.uart_console_init.str1.1
                0x000000000800a19c        0x7 zephyr/libzephyr.a(uart_console.c.obj)
 .rodata.exti_irq_table
                0x000000000800a19c       0x17 zephyr/libzephyr.a(intc_exti_stm32.c.obj)
                0x000000000800a19c                exti_irq_table
 .rodata.str1.1
                0x000000000800a1b3        0xb zephyr/libzephyr.a(intc_exti_stm32.c.obj)
 .rodata.str1.1
                0x000000000800a1be        0x9 zephyr/libzephyr.a(clock_stm32_ll_common.c.obj)
 .rodata.z_pinmux_stm32_set.str1.1
                0x000000000800a1c7        0x9 zephyr/libzephyr.a(pinmux_stm32.c.obj)
 .rodata.can_stm32_runtime_configure.str1.1
                0x000000000800a1c7        0x9 zephyr/libzephyr.a(can_stm32.c.obj)
 .rodata.filter_in_bank
                0x000000000800a1c7        0x4 zephyr/libzephyr.a(can_stm32.c.obj)
 .rodata.reg_demand
                0x000000000800a1cb        0x4 zephyr/libzephyr.a(can_stm32.c.obj)
 .rodata.str1.1
                0x000000000800a1cf        0x6 zephyr/libzephyr.a(can_stm32.c.obj)
 .rodata.cmd_attach.str1.1
                0x000000000800a1cf      0x114 zephyr/libzephyr.a(can_shell.c.obj)
 .rodata.cmd_detach.str1.1
                0x000000000800a2e3       0x3b zephyr/libzephyr.a(can_shell.c.obj)
 .rodata.cmd_send.str1.1
                0x000000000800a31e       0xaa zephyr/libzephyr.a(can_shell.c.obj)
 .rodata.print_frame.str1.1
                0x000000000800a3c8       0x2f zephyr/libzephyr.a(can_shell.c.obj)
                                         0x33 (size before relaxing)
 .rodata.read_id.str1.1
                0x000000000800a3f7       0x40 zephyr/libzephyr.a(can_shell.c.obj)
                                         0x55 (size before relaxing)
 .rodata.read_options.str1.1
                0x000000000800a437       0x13 zephyr/libzephyr.a(can_shell.c.obj)
 .rodata.str1.1
                0x000000000800a44a      0x194 zephyr/libzephyr.a(can_shell.c.obj)
 .rodata.str1.1
                0x000000000800a5de        0xa zephyr/libzephyr.a(sys_clock_init.c.obj)
 .rodata.str1.1
                0x000000000800a5e8        0x1 zephyr/arch/arch/arm/core/aarch32/cortex_m/mpu/libarch__arm__core__aarch32__cortex_m__mpu.a(arm_mpu.c.obj)
 .rodata.z_prf.str1.1
                0x000000000800a5e8        0xa zephyr/lib/libc/minimal/liblib__libc__minimal.a(prf.c.obj)
 .rodata.str1.1
                0x000000000800a5f2        0xf zephyr/soc/arm/common/cortex_m/libsoc__arm__common__cortex_m.a(arm_mpu_regions.c.obj)
 .rodata.str1.1
                0x000000000800a601        0x1 zephyr/boards/arm/stm32f4_disco/libboards__arm__stm32f4_disco.a(pinmux.c.obj)
 .rodata.gpio_stm32_init.str1.1
                0x000000000800a601        0x9 zephyr/drivers/gpio/libdrivers__gpio.a(gpio_stm32.c.obj)
 .rodata.str1.1
                0x000000000800a601       0x30 zephyr/drivers/gpio/libdrivers__gpio.a(gpio_stm32.c.obj)
                                         0x36 (size before relaxing)
 .rodata.pwm_stm32_init.str1.1
                0x000000000800a631        0x9 zephyr/drivers/pwm/libdrivers__pwm.a(pwm_stm32.c.obj)
 .rodata.str1.1
                0x000000000800a631        0x6 zephyr/drivers/pwm/libdrivers__pwm.a(pwm_stm32.c.obj)
 .rodata.str1.1
                0x000000000800a637        0x7 zephyr/drivers/serial/libdrivers__serial.a(uart_stm32.c.obj)
 .rodata.uart_stm32_init.str1.1
                0x000000000800a637        0x9 zephyr/drivers/serial/libdrivers__serial.a(uart_stm32.c.obj)
 .rodata.AHBPrescTable
                0x000000000800a637       0x10 zephyr/modules/stm32/stm32cube/lib..__modules__hal__stm32__stm32cube.a(system_stm32f4xx.c.obj)
                0x000000000800a637                AHBPrescTable
 .rodata.bg_thread_main.str1.1
                0x000000000800a647       0x47 zephyr/kernel/libkernel.a(init.c.obj)
                                         0x48 (size before relaxing)
 .rodata.z_cstart.str1.1
                0x000000000800a68e        0xa zephyr/kernel/libkernel.a(init.c.obj)
 .rodata.k_sys_work_q_init.str1.1
                0x000000000800a698        0x9 zephyr/kernel/libkernel.a(system_work_q.c.obj)
 .rodata.str1.1
                0x000000000800a6a1        0x1 zephyr/kernel/libkernel.a(system_work_q.c.obj)
 .rodata.k_work_q_start.str1.1
                0x000000000800a6a1        0xa zephyr/kernel/libkernel.a(work_q.c.obj)
 .rodata.str1.1
                0x000000000800a6ab        0x1 zephyr/kernel/libkernel.a(mempool.c.obj)
 *(SORT_BY_ALIGNMENT(.gnu.linkonce.r.*))
                0x000000000800a6ac                . = ALIGN (0x4)
 *fill*         0x000000000800a6ab        0x1 
                0x000000000800a6ac                _image_rodata_end = .
                0x000000000800a6c0                . = ALIGN (_region_min_align)
                0x0000000008010000                . = ALIGN ((0x1 << LOG2CEIL ((_image_rodata_end - _image_rom_start))))
                0x0000000008010000                _image_rom_end = .
                0x0000000020000000                . = 0x20000000
                0x0000000020000000                . = ALIGN (_region_min_align)
                0x0000000020000000                _image_ram_start = .

.ramfunc        0x0000000020000000        0x0 load address 0x000000000800a6ac
                0x0000000020000000                . = ALIGN (_region_min_align)
                0x0000000020000000                . = ALIGN ((0x1 << LOG2CEIL (_ramfunc_ram_size)))
                0x0000000020000000                _ramfunc_ram_start = .
 *(SORT_BY_ALIGNMENT(.ramfunc))
 *(SORT_BY_ALIGNMENT(.ramfunc.*))
                0x0000000020000000                . = ALIGN (_region_min_align)
                0x0000000020000000                . = ALIGN ((0x1 << LOG2CEIL (_ramfunc_ram_size)))
                0x0000000020000000                _ramfunc_ram_end = .
                0x0000000000000000                _ramfunc_ram_size = (_ramfunc_ram_end - _ramfunc_ram_start)
                0x000000000800a6ac                _ramfunc_rom_start = LOADADDR (.ramfunc)

bss             0x0000000020000000      0x97c
                0x0000000020000000                . = ALIGN (0x4)